A251 MACRO ASSEMBLER  ISR1                                                                  15/03/26 12:28:16 PAGE     1


MACRO ASSEMBLER A251 V4.69.13.0
OBJECT MODULE PLACED IN .\Objects\ISR1.obj
ASSEMBLER INVOKED BY: D:\Keil MDK\C251\BIN\A251.EXE ISR1.asm MODSRC INTR2 SET(XSMALL) DEBUG PRINT(.\Listings\ISR1.lst) O
                      BJECT(.\Objects\ISR1.obj) EP

LOC    OBJ             LINE     SOURCE

                          1     ; isr.asm - ?????31?????
                          2     ; SPI DMA ???=49,????=018BH
                          3     ; ???????13(????=006BH)????
                          4     NAME    ISR
                          5     PUBLIC  DMA_SPI_TX_ISR  ; ????C??
*** ____________________________________^
*** ERROR #A45 IN 5 (ISR1.asm, LINE 7): UNDEFINED SYMBOL
00006B                    6     CSEG    AT  006BH       ; ??13?????(????,??)
00006B 02018B             7         LJMP    018BH       ; ??SPI DMA??????
00018B                    8     CSEG    AT  018BH       ; SPI DMA???49???????
00018B                    9         LCALL   DMA_SPI_TX_ISR  ; ??C??
*** ________________________________________^
*** ERROR #A45 IN 9 (ISR1.asm, LINE 13): UNDEFINED SYMBOL
00018E 32                10         RETI
                         11     END
A251 MACRO ASSEMBLER  ISR1                                                                  15/03/26 12:28:16 PAGE     2

SYMBOL TABLE LISTING
------ ----- -------


N A M E         T Y P E  V A L U E     ATTRIBUTES

DMA_SPI_TX_ISR . .  -- ----  -------       
ISR. . . . . . . .  -- ----  -------       


REGISTER BANK(S) USED: 


ASSEMBLY COMPLETE.  0 WARNING(S), 2 ERROR(S).
