C251 COMPILER V5.60.0,  key                                                                19/03/26  18:12:35  PAGE 1   


C251 COMPILER V5.60.0, COMPILATION OF MODULE key
OBJECT MODULE PLACED IN .\Objects\key.obj
COMPILER INVOKED BY: D:\Keil MDK\C251\BIN\C251.EXE key.c XSMALL INTR2 BROWSE DEBUG PRINT(.\Listings\key.lst) OBJECT(.\Ob
                    -jects\key.obj) 

stmt  level    source

    1          #include "key.h"
    2          #include "uart.h"
    3          #include "rs485.h"
    4          #include <STC32G.H>
    5          
    6          /*=============================================================================
    7           * 调节目标（与 main.c 中的 g_key_adj_target 定义一致）
    8           *   0 = SetSpd   目标转速（modbus_regs[4]，rpm）
    9           *   1 = SetAng   目标角度（modbus_regs[5]，0.1°）
   10           * PID 参数（Kp/Ki/Kd）通过上位机调节，按键不再控制
   11           *===========================================================================*/
   12          #define ADJ_SET_SPD  0
   13          #define ADJ_SET_ANG  1
   14          #define ADJ_NUM      2   /* 循环总数：只有速度和角度 */
   15          
   16          /* 各目标调节量限幅 */
   17          #define SPD_MIN  (-999)
   18          #define SPD_MAX    999
   19          #define ANG_MIN  (-3200)    /* 0.1°，对应 ±320° */
   20          #define ANG_MAX   3200
   21          
   22          
   23          /*
   24           * 步长表 [目标][0=单击, 1=长按持续, 2=双击]
   25           * SetSpd: 1 / 5 / 10 rpm
   26           * SetAng: 10 / 50 / 100 (0.1°，即 1° / 5° / 10°)
   27           */
   28          static const int adj_steps[2][3] = {
   29              {  1,   5,  10},   /* SetSpd */
   30              { 10,  50, 100},   /* SetAng */
   31          };
   32          
   33          extern unsigned char  g_key_adj_target;
   34          /*=============================================================================
   35           * 全局按键对象
   36           *===========================================================================*/
   37          KEY_Struct key1, key2, key3;
   38          extern volatile unsigned int ms_tick;
   39          
   40          typedef struct {
   41              unsigned char state;            /* BUZZER_IDLE / BUZZER_ON / BUZZER_OFF */
   42              unsigned char tone_type;        /* 当前播放的音效类型 */
   43              unsigned int start_ms;          /* 当前段的开始时间（ms_tick） */
   44              unsigned char seg_index;        /* 当前播放的段序号 */
   45              unsigned char seg_count;        /* 总段数 */
   46          } Buzzer_t;
   47          
   48          static Buzzer_t g_buzzer = {
   49              BUZZER_IDLE, TONE_NONE, 0, 0, 0
   50          };
   51          
   52          /* 音效数据表：每个音效由多个段组成 */
   53          /* 每段：持续时间(ms), 是否开启(1=ON, 0=OFF) */
   54          static const struct {
   55              unsigned int duration_ms;
   56              unsigned char is_on;
   57          } g_tone_segments[][8] = {
   58              /* [TONE_NONE] = {} 空音效 */
C251 COMPILER V5.60.0,  key                                                                19/03/26  18:12:35  PAGE 2   

   59              {
   60                  {0, 0}, {0, 0}, {0, 0}, {0, 0}, {0, 0}, {0, 0}, {0, 0}, {0, 0}  // TONE_NONE
   61              },
   62              
   63              /* [TONE_POWER_ON] = 三声上升（短→中→长） */
   64              {
   65                  {100, 1},   /* 100ms 开 */
   66                  {80, 0},    /* 80ms 关 */
   67                  {150, 1},   /* 150ms 开 */
   68                  {80, 0},    /* 80ms 关 */
   69                  {200, 1},   /* 200ms 开 */
   70                  {0, 0}      /* 结束标记 */
   71              },
   72              
   73              /* [TONE_SINGLE_CLICK] = 单击提示（一短声） */
   74              {
   75                  {50, 1},    /* 50ms 开 */
   76                  {0, 0}      /* 结束标记 */
   77              },
   78              
   79              /* [TONE_DOUBLE_CLICK] = 双击提示（两短声） */
   80              {
   81                  {80, 1},    /* 80ms 开 */
   82                  {60, 0},    /* 60ms 关 */
   83                  {80, 1},    /* 80ms 开 */
   84                  {0, 0}      /* 结束标记 */
   85              }
   86          };
   87          
   88          void Buzzer_Update(void)
   89          {
   90   1          unsigned int elapsed_ms;
   91   1          
   92   1          /* 空闲状态，不做任何事 */
   93   1          if (g_buzzer.state == BUZZER_IDLE)
   94   1              return;
   95   1          
   96   1          /* 计算当前段已经过的时间 */
   97   1          elapsed_ms = ms_tick - g_buzzer.start_ms;
   98   1          
   99   1          /* 当前段时间已到，切换到下一段 */
  100   1          if (elapsed_ms >= g_tone_segments[g_buzzer.tone_type][g_buzzer.seg_index].duration_ms)
  101   1          {
  102   2              g_buzzer.seg_index++;
  103   2              g_buzzer.start_ms = ms_tick;  /* 重置本段开始时间 */
  104   2              
  105   2              /* 检查是否到达最后一段（结束标记 duration_ms=0） */
  106   2              if (g_tone_segments[g_buzzer.tone_type][g_buzzer.seg_index].duration_ms == 0)
  107   2              {
  108   3                  BUZZER = 0;              /* 确保蜂鸣器关闭 */
  109   3                  g_buzzer.state = BUZZER_IDLE;
  110   3                  g_buzzer.tone_type = TONE_NONE;
  111   3                  return;
  112   3              }
  113   2              
  114   2              /* 设置新段的输出状态 */
  115   2              if (g_tone_segments[g_buzzer.tone_type][g_buzzer.seg_index].is_on)
  116   2                  BUZZER = 1;  /* 开启 */
  117   2              else
  118   2                  BUZZER = 0;  /* 关闭 */
  119   2          }
  120   1      }
  121          
  122          
  123          void Buzzer_PlayTone(unsigned char tone_type)
  124          {
C251 COMPILER V5.60.0,  key                                                                19/03/26  18:12:35  PAGE 3   

  125   1          if (tone_type == TONE_NONE || tone_type > TONE_DOUBLE_CLICK)
  126   1              return;
  127   1          
  128   1          g_buzzer.state = BUZZER_ON;
  129   1          g_buzzer.tone_type = tone_type;
  130   1          g_buzzer.seg_index = 0;
  131   1          g_buzzer.start_ms = ms_tick;
  132   1          
  133   1          /* 立即设置第一段状态 */
  134   1          if (g_tone_segments[tone_type][0].is_on)
  135   1              BUZZER = 1;
  136   1          else
  137   1              BUZZER = 0;
  138   1      }
  139          
  140          /*=============================================================================
  141           * 查询蜂鸣器忙碌状态
  142           *===========================================================================*/
  143          unsigned char Buzzer_IsBusy(void)
  144          {
  145   1          return (g_buzzer.state != BUZZER_IDLE);
  146   1      }
  147          
  148          void Key_Init(void)
  149          {
  150   1          // P4.2, P4.3, P4.4 已在 Sys_init() 中配置为准双向/输入模式
  151   1          // P4M1 = 0x00, P4M0 = 0x00（初始全为准双向）
  152   1          // 无需额外配置，直接读取GPIO值
  153   1          
  154   1              /* P1.3 配置为推挽输出（蜂鸣器） */
  155   1          P1M1 &= ~0x08;
  156   1          P1M0 |=  0x08;
  157   1      
  158   1          // 初始化按键1
  159   1          key1.pin_level = 1;
  160   1          key1.state = 0;          // 初始无按键
  161   1          key1.event = KEY_NONE;
  162   1          key1.press_time = 0;
  163   1          key1.release_time = 0;
  164   1          key1.debounce_cnt = 0;
  165   1          key1.click_count = 0;
  166   1          key1.click_timer = 0;
  167   1          
  168   1          // 初始化按键2
  169   1          key2.pin_level = 1;
  170   1          key2.state = 0;
  171   1          key2.event = KEY_NONE;
  172   1          key2.press_time = 0;
  173   1          key2.release_time = 0;
  174   1          key2.debounce_cnt = 0;
  175   1          key2.click_count = 0;
  176   1          key2.click_timer = 0;
  177   1          
  178   1          // 初始化按键3
  179   1          key3.pin_level = 1;
  180   1          key3.state = 0;
  181   1          key3.event = KEY_NONE;
  182   1          key3.press_time = 0;
  183   1          key3.release_time = 0;
  184   1          key3.debounce_cnt = 0;
  185   1          key3.click_count = 0;
  186   1          key3.click_timer = 0;
  187   1          
  188   1          Printf("[KEY] Init OK\r\n");
  189   1      }
  190          
C251 COMPILER V5.60.0,  key                                                                19/03/26  18:12:35  PAGE 4   

  191          /*=============================================================================
  192           * 单个按键状态机处理
  193           * 
  194           * 状态转移：
  195           *   0(释放) -> 1(按下) -> 判定为单击?(有),再判双击?(有) -> 0(释放)
  196           *                      -> 长按判定?(有)长按 -> 0(释放)
  197           *
  198           * 双击逻辑：
  199           *   第一次单击后，在300ms内再按一次即为双击
  200           *===========================================================================*/
  201          static void Key_ScanSingle(KEY_Struct *pkey, unsigned char pin)
  202          {
  203   1          pkey->pin_level = pin;
  204   1          
  205   1          // ========== 按键按下过程 ==========
  206   1          if (pkey->pin_level == 0)  // GPIO为0
  207   1          {
  208   2              if (pkey->state == 0)  // 从释放状态进入
  209   2              {
  210   3                  pkey->debounce_cnt++;
  211   3                  if (pkey->debounce_cnt >= KEY_DEBOUNCE_TIME)
  212   3                  {
  213   4                      pkey->state = 1;
  214   4                      pkey->press_time = 0;
  215   4                      pkey->debounce_cnt = 0;
  216   4                  }
  217   3              }
  218   2              else if (pkey->state == 1)
  219   2              {
  220   3                  pkey->press_time++;
  221   3                  
  222   3                  // 长按判定（1000ms）
  223   3                  if (pkey->press_time == KEY_LONG_PRESS_TIME)
  224   3                  {
  225   4                      pkey->event = KEY_LONG_PRESS;
  226   4                      pkey->click_count = 0;  // 清除单击计数，禁止后续双击识别
  227   4                      pkey->click_timer = 0;  // 停止双击定时器
  228   4                  }
  229   3                  // 长按持续中（每100ms）
  230   3                  else if (pkey->press_time > KEY_LONG_PRESS_TIME && 
  231   3                           pkey->press_time % 100 == 0)
  232   3                  {
  233   4                      pkey->event = KEY_PRESSING;
  234   4                  }
  235   3              }
  236   2          }
  237   1          
  238   1          // ========== 按键释放过程 ==========
  239   1          else  // GPIO为1（释放）
  240   1          {
  241   2              if (pkey->state == 1)
  242   2              {
  243   3                  pkey->debounce_cnt++;
  244   3                  if (pkey->debounce_cnt >= KEY_DEBOUNCE_TIME)
  245   3                  {
  246   4                      pkey->state = 0;
  247   4                      pkey->debounce_cnt = 0;
  248   4                      
  249   4                      // 判定是短按还是长按
  250   4                      if (pkey->press_time < KEY_LONG_PRESS_TIME)
  251   4                      {
  252   5                          // 短按逻辑
  253   5                          pkey->click_count++;
  254   5                          
  255   5                          if (pkey->click_count == 1)
  256   5                          {
C251 COMPILER V5.60.0,  key                                                                19/03/26  18:12:35  PAGE 5   

  257   6                              // 第一次单击：立即发送事件，启动双击检测
  258   6                              pkey->event = KEY_SINGLE_CLICK;
  259   6                              pkey->click_timer = KEY_DOUBLE_CLICK_INTERVAL;
  260   6                          }
  261   5                          else if (pkey->click_count >= 2)
  262   5                          {
  263   6                              // 第二次单击：立即发送双击事件，停止定时器
  264   6                              pkey->event = KEY_DOUBLE_CLICK;
  265   6                              pkey->click_timer = 0;  // 关键：停止定时器，防止后续的单击重复
  266   6                              pkey->click_count = 0;
  267   6                          }
  268   5                      }
  269   4                      else
  270   4                      {
  271   5                          // 长按释放
  272   5                          pkey->event = KEY_RELEASE;
  273   5                          pkey->click_count = 0;
  274   5                          pkey->click_timer = 0;
  275   5                      }
  276   4                  }
  277   3              }
  278   2              else
  279   2              {
  280   3                  pkey->debounce_cnt = 0;
  281   3              }
  282   2          }
  283   1          
  284   1          // ========== 双击定时器倒计时 ==========
  285   1          if (pkey->click_timer > 0)
  286   1          {
  287   2              pkey->click_timer--;
  288   2              
  289   2              // 定时器超时（300ms内没有第二次点击）
  290   2              if (pkey->click_timer == 0)
  291   2              {
  292   3                  // 超时后只需清除单击计数
  293   3                  // 不再重新设置 event = KEY_SINGLE_CLICK！
  294   3                  // 因为第一次释放时已经发送过单击事件并被主循环处理了，
  295   3                  // 如果这里再设一次会导致单击跳两次。
  296   3                  pkey->click_count = 0;
  297   3              }
  298   2          }
  299   1      }
  300          
  301          /*=============================================================================
  302           * 按键扫描（在 Timer0_ISR 中每 1ms 调用一次）
  303           *===========================================================================*/
  304          void Key_Scan(void)
  305          {
  306   1          Key_ScanSingle(&key1, KEY1_PIN);
  307   1          Key_ScanSingle(&key2, KEY2_PIN);
  308   1          Key_ScanSingle(&key3, KEY3_PIN);
  309   1      }
  310          
  311          /*=============================================================================
  312           * 获取按键事件
  313           *===========================================================================*/
  314          unsigned char Key_GetEvent(unsigned char key_id)
  315          {
  316   1          switch (key_id)
  317   1          {
  318   2              case 1:
  319   2                  return key1.event;
  320   2              case 2:
  321   2                  return key2.event;
  322   2              case 3:
C251 COMPILER V5.60.0,  key                                                                19/03/26  18:12:35  PAGE 6   

  323   2                  return key3.event;
  324   2              default:
  325   2                  return KEY_NONE;
  326   2          }
  327   1      }
  328          
  329          /*=============================================================================
  330           * 清除按键事件
  331           *===========================================================================*/
  332          void Key_ClearEvent(unsigned char key_id)
  333          {
  334   1          switch (key_id)
  335   1          {
  336   2              case 1:
  337   2                  key1.event = KEY_NONE;
  338   2                  break;
  339   2              case 2:
  340   2                  key2.event = KEY_NONE;
  341   2                  break;
  342   2              case 3:
  343   2                  key3.event = KEY_NONE;
  344   2                  break;
  345   2          }
  346   1      }
  347          
  348          /*=============================================================================
  349           * 获取按键当前物理状态（0=按下，1=释放）
  350           *===========================================================================*/
  351          unsigned char Key_IsPressed(unsigned char key_id)
  352          {
  353   1          switch (key_id)
  354   1          {
  355   2              case 1:
  356   2                  return (key1.state == 1);  // 1表示当前按下
  357   2              case 2:
  358   2                  return (key2.state == 1);
  359   2              case 3:
  360   2                  return (key3.state == 1);
  361   2              default:
  362   2                  return 0;
  363   2          }
  364   1      }
  365          
  366          /*=============================================================================
  367           * Key_AdjustTarget  —  对当前调节目标施加步长 step（正负均可）
  368           *===========================================================================*/
  369          static void Key_AdjustTarget(int step)
  370          {
  371   1          int sv;
  372   1          switch (g_key_adj_target)
  373   1          {
  374   2              case ADJ_SET_SPD:
  375   2                  sv = (int)modbus_regs[4] + step;
  376   2                  if (sv > SPD_MAX) sv = SPD_MAX;
  377   2                  if (sv < SPD_MIN) sv = SPD_MIN;
  378   2                  modbus_regs[4] = (unsigned int)sv;
  379   2                  Printf("SetSpd=%d\r\n", sv);
  380   2                  break;
  381   2      
  382   2              case ADJ_SET_ANG:
  383   2                  sv = (int)modbus_regs[5] + step;
  384   2                  if (sv > ANG_MAX) sv = ANG_MAX;
  385   2                  if (sv < ANG_MIN) sv = ANG_MIN;
  386   2                  modbus_regs[5] = (unsigned int)sv;
  387   2                  Printf("SetAng=%d(0.1deg)\r\n", sv);
  388   2                  break;
C251 COMPILER V5.60.0,  key                                                                19/03/26  18:12:35  PAGE 7   

  389   2      
  390   2              default:
  391   2                  break;
  392   2          }
  393   1      }
  394          
  395          /*=============================================================================
  396           * 处理所有按键事件（主循环调用）
  397           *
  398           * KEY1 单击：循环切换调节目标（SetSpd → SetAng → Kp → Ki → SetSpd...）
  399           * KEY2 单击：+小步  长按持续：+中步  双击：+大步
  400           * KEY3 单击：-小步  长按持续：-中步  双击：-大步
  401           *
  402           * 步长见 adj_steps[target][0/1/2]
  403           *===========================================================================*/
  404          unsigned char Key_HandleEvent(void)
  405          {
  406   1          unsigned char event;
  407   1      
  408   1          /* ── KEY1：切换调节目标 ── */
  409   1          event = Key_GetEvent(1);
  410   1          if (event == KEY_SINGLE_CLICK)
  411   1          {
  412   2              g_key_adj_target = (g_key_adj_target + 1) % ADJ_NUM;
  413   2              Buzzer_PlayTone(TONE_SINGLE_CLICK);
  414   2              Printf("Adj target: %d\r\n", (int)g_key_adj_target);
  415   2              Key_ClearEvent(1);
  416   2              return 1;
  417   2          }
  418   1          Key_ClearEvent(1);
  419   1      
  420   1          /* ── KEY2：增大 ── */
  421   1          event = Key_GetEvent(2);
  422   1          if (event == KEY_SINGLE_CLICK)
  423   1          {
  424   2              Key_AdjustTarget(adj_steps[g_key_adj_target][0]);
  425   2              Buzzer_PlayTone(TONE_SINGLE_CLICK);
  426   2              Key_ClearEvent(2);
  427   2              return 1;
  428   2          }
  429   1          else if (event == KEY_DOUBLE_CLICK)
  430   1          {
  431   2              Key_AdjustTarget(adj_steps[g_key_adj_target][2]);
  432   2              Buzzer_PlayTone(TONE_DOUBLE_CLICK);
  433   2              Key_ClearEvent(2);
  434   2              return 1;
  435   2          }
  436   1          else if (event == KEY_PRESSING)
  437   1          {
  438   2              Key_AdjustTarget(adj_steps[g_key_adj_target][1]);
  439   2              Key_ClearEvent(2);
  440   2              return 1;
  441   2          }
  442   1          Key_ClearEvent(2);
  443   1      
  444   1          /* ── KEY3：减小 ── */
  445   1          event = Key_GetEvent(3);
  446   1          if (event == KEY_SINGLE_CLICK)
  447   1          {
  448   2              Key_AdjustTarget(-adj_steps[g_key_adj_target][0]);
  449   2              Buzzer_PlayTone(TONE_SINGLE_CLICK);
  450   2              Key_ClearEvent(3);
  451   2              return 1;
  452   2          }
  453   1          else if (event == KEY_DOUBLE_CLICK)
  454   1          {
C251 COMPILER V5.60.0,  key                                                                19/03/26  18:12:35  PAGE 8   

  455   2              Key_AdjustTarget(-adj_steps[g_key_adj_target][2]);
  456   2              Buzzer_PlayTone(TONE_DOUBLE_CLICK);
  457   2              Key_ClearEvent(3);
  458   2              return 1;
  459   2          }
  460   1          else if (event == KEY_PRESSING)
  461   1          {
  462   2              Key_AdjustTarget(-adj_steps[g_key_adj_target][1]);
  463   2              Key_ClearEvent(3);
  464   2              return 1;
  465   2          }
  466   1          Key_ClearEvent(3);
  467   1      
  468   1          return 0;
  469   1      }


Module Information          Static   Overlayable
------------------------------------------------
  code size            =      1259     ------
  ecode size           =    ------     ------
  data size            =    ------     ------
  idata size           =    ------     ------
  pdata size           =    ------     ------
  xdata size           =    ------     ------
  xdata-const size     =    ------     ------
  edata size           =        45     ------
  bit size             =    ------     ------
  ebit size            =    ------     ------
  bitaddressable size  =    ------     ------
  ebitaddressable size =    ------     ------
  far data size        =    ------     ------
  huge data size       =    ------     ------
  const size           =    ------     ------
  hconst size          =       183     ------
End of Module Information.


C251 COMPILATION COMPLETE.  0 WARNING(S),  0 ERROR(S)
