C251 COMPILER V5.60.0,  oled                                                               15/03/26  13:22:10  PAGE 1   


C251 COMPILER V5.60.0, COMPILATION OF MODULE oled
OBJECT MODULE PLACED IN .\Objects\oled.obj
COMPILER INVOKED BY: D:\Keil MDK\C251\BIN\C251.EXE oled.c XSMALL INTR2 BROWSE DEBUG PRINT(.\Listings\oled.lst) OBJECT(.\
                    -Objects\oled.obj) 

stmt  level    source

    1          /*==============================================================================
    2           * oled.c  —  OLED 驱动（适配新 SPI DMA 接口）
    3           *
    4           * 接口变化：
    5           *   SPI_WriteByte()  →  发单字节命令（不变）
    6           *   SPI_Transmit()   →  发多字节数据（DMA或阻塞自动切换）
    7           *   SPI_DMA_Wait()   →  等待DMA完成后再拉CS
    8           *
    9           * 其余显示函数（ShowChar/ShowString/ShowNum等）完全不变
   10           *============================================================================*/
   11          
   12          #include "oled.h"
   13          #include "font.h"
*** WARNING C323 IN LINE 1 OF font.h: newline expected, extra characters found
*** WARNING C323 IN LINE 268 OF font.h: newline expected, extra characters found
   14          #include "spi.h"
   15          #include <STDIO.H>
   16          #include <STC32G.H>
   17          #include <STRING.H>
   18          #include <intrins.h>
   19          
   20          /*=============================================================================
   21           * 全局显示缓冲区（必须在 xdata 区，DMA 只能访问片内 xdata RAM）
   22           *===========================================================================*/
   23          unsigned char xdata ShowBUFF[8][128];
   24          
   25          /*=============================================================================
   26           * 内部延时
   27           *===========================================================================*/
   28          static void delay(void)
   29          {
   30   1          int xdata i;
   31   1          for (i = 0; i < 100; i++);
   32   1      }
   33          
   34          void delay_ms(unsigned int ms)
   35          {
   36   1          unsigned int xdata i;
   37   1          do {
   38   2              i = MAIN_Fosc / 6000;
   39   2              while (--i);
   40   2          } while (--ms);
   41   1      }
   42          
   43          /*=============================================================================
   44           * 单字节写入（命令/数据）
   45           * 命令：DC=0，阻塞SPI发送
   46           * 数据：DC=1，阻塞SPI发送（单字节场合，如DrawBMP逐点）
   47           *===========================================================================*/
   48          void OLED_WR_Byte(unsigned char dat, unsigned char cmd)
   49          {
   50   1          if (cmd)
   51   1              OLED_DC = 1;
   52   1          else
   53   1              OLED_DC = 0;
   54   1      
   55   1          OLED_CS = 0;
   56   1          SPI_WriteByte(dat);
C251 COMPILER V5.60.0,  oled                                                               15/03/26  13:22:10  PAGE 2   

   57   1          delay();
   58   1          OLED_CS = 1;
   59   1          OLED_DC = 1;
   60   1      }
   61          
   62          /*=============================================================================
   63           * OLED 初始化（保持原版不变）
   64           *===========================================================================*/
   65          void OLED_Init(void)
   66          {
   67   1          SPI_Init();
   68   1          delay_ms(100);
   69   1          OLED_REST = 1;
   70   1          delay_ms(200);
   71   1          OLED_REST = 0;
   72   1          delay_ms(200);
   73   1          OLED_REST = 1;
   74   1      
   75   1          OLED_WR_Byte(0xAE, OLED_CMD);
   76   1          OLED_WR_Byte(0x00, OLED_CMD);
   77   1          OLED_WR_Byte(0x10, OLED_CMD);
   78   1          OLED_WR_Byte(0x40, OLED_CMD);
   79   1          OLED_WR_Byte(0x81, OLED_CMD);
   80   1          OLED_WR_Byte(0xCF, OLED_CMD);
   81   1          OLED_WR_Byte(0xA1, OLED_CMD);
   82   1          OLED_WR_Byte(0xC8, OLED_CMD);
   83   1          OLED_WR_Byte(0xA6, OLED_CMD);
   84   1          OLED_WR_Byte(0xA8, OLED_CMD);
   85   1          OLED_WR_Byte(0x3f, OLED_CMD);
   86   1          OLED_WR_Byte(0xD3, OLED_CMD);
   87   1          OLED_WR_Byte(0x00, OLED_CMD);
   88   1          OLED_WR_Byte(0xd5, OLED_CMD);
   89   1          OLED_WR_Byte(0x80, OLED_CMD);
   90   1          OLED_WR_Byte(0xD9, OLED_CMD);
   91   1          OLED_WR_Byte(0xF1, OLED_CMD);
   92   1          OLED_WR_Byte(0xDA, OLED_CMD);
   93   1          OLED_WR_Byte(0x12, OLED_CMD);
   94   1          OLED_WR_Byte(0xDB, OLED_CMD);
   95   1          OLED_WR_Byte(0x40, OLED_CMD);
   96   1          OLED_WR_Byte(0x20, OLED_CMD);
   97   1          OLED_WR_Byte(0x00, OLED_CMD);
   98   1          OLED_WR_Byte(0x8D, OLED_CMD);
   99   1          OLED_WR_Byte(0x14, OLED_CMD);
  100   1          OLED_WR_Byte(0xA4, OLED_CMD);
  101   1          OLED_WR_Byte(0xA6, OLED_CMD);
  102   1          OLED_WR_Byte(0xAF, OLED_CMD);
  103   1      
  104   1          OLED_DisplayOn();
  105   1      }
  106          
  107          /*=============================================================================
  108           * 设置显示位置
  109           *===========================================================================*/
  110          void OLED_Set_Pos(unsigned char x, unsigned char y)
  111          {
  112   1          OLED_WR_Byte((unsigned char)(0xb0 + y), OLED_CMD);
  113   1          OLED_WR_Byte(((x & 0xf0) >> 4) | 0x10, OLED_CMD);
  114   1          OLED_WR_Byte((x & 0x0f) | 0x01, OLED_CMD);
  115   1      }
  116          
  117          /*=============================================================================
  118           * OLED_BuffShow —— 缓冲区刷屏
  119           *
  120           * 流程（每行）：
  121           *   1. 发3字节页地址命令（阻塞SPI）
  122           *   2. 等待上次DMA完成（SPI_DMA_Wait）
C251 COMPILER V5.60.0,  oled                                                               15/03/26  13:22:10  PAGE 3   

  123           *   3. DC=DATA，CS拉低
  124           *   4. SPI_Transmit 触发DMA发送128字节
  125           *   5. SPI_DMA_Wait 等本行发完
  126           *   6. CS拉高
  127           *
  128           * 关于第一行色块问题的修复：
  129           *   - 发完命令后 CS先拉高再等 4个nop，保证SPI内部状态复位
  130           *   - DC切换后等 2个nop 再拉低CS，保证OLED采样到正确的DC
  131           *   - SPI_Transmit内部 while(SpiDmaFlag) 确保SPI完全空闲后再触发
  132           *===========================================================================*/
  133          void OLED_BuffShow(void)
  134          {
  135   1          unsigned char i;
  136   1          unsigned char xdata *row;
  137   1      
  138   1          for (i = 0; i < 8; i++)
  139   1          {
  140   2              row = (unsigned char xdata *)ShowBUFF + (unsigned int)i * 128;
  141   2      
  142   2              OLED_DC = 0;
  143   2              OLED_CS = 0;
  144   2              SPI_WriteByte(0xb0 + i);
*** WARNING C188 IN LINE 144 OF oled.c: 'parameter 1': value truncated
  145   2              SPI_WriteByte(0x00);
  146   2              SPI_WriteByte(0x10);
  147   2              OLED_CS = 1;
  148   2      
  149   2              OLED_DC = 1;
  150   2              _nop_(); _nop_();
  151   2              OLED_CS = 0;
  152   2      
  153   2              SPI_Transmit(row, 128);
  154   2              SPI_DMA_Wait();
  155   2      
  156   2              OLED_CS = 1;
  157   2          }
  158   1      }
  159          
  160          /*=============================================================================
  161           * 其余函数与原版完全相同
  162           *===========================================================================*/
  163          
  164          void OLED_BuffClear(void)
  165          {
  166   1          unsigned char xdata *p = (unsigned char xdata *)ShowBUFF;
  167   1          unsigned int n;
  168   1          for (n = 0; n < 8 * 128; n++)
  169   1              p[n] = 0x00;
  170   1      }
  171          
  172          void OLED_DisplayOn(void)
  173          {
  174   1          OLED_WR_Byte(0x8D, OLED_CMD);
  175   1          OLED_WR_Byte(0x14, OLED_CMD);
  176   1          OLED_WR_Byte(0xAF, OLED_CMD);
  177   1      }
  178          
  179          void OLED_DisplayOff(void)
  180          {
  181   1          OLED_WR_Byte(0x8D, OLED_CMD);
  182   1          OLED_WR_Byte(0x10, OLED_CMD);
  183   1          OLED_WR_Byte(0xAF, OLED_CMD);
  184   1      }
  185          
  186          void OLED_DrawBMP(unsigned char x0, unsigned char y0,
  187                            unsigned char x1, unsigned char y1, unsigned char BMP[])
C251 COMPILER V5.60.0,  oled                                                               15/03/26  13:22:10  PAGE 4   

  188          {
  189   1          unsigned int xdata j = 0;
  190   1          unsigned char xdata x, y;
  191   1          for (y = y0; y < (y1 + y0); y++)
  192   1          {
  193   2              OLED_Set_Pos(x0, y);
  194   2              for (x = 0; x < x1; x++)
  195   2                  OLED_WR_Byte(BMP[j++], OLED_DATA);
  196   2          }
  197   1      }
  198          
  199          void OLED_BuffShowPoint(unsigned char x, unsigned char y)
  200          {
  201   1          ShowBUFF[y / 8][x] |= 1 << (y % 8);
  202   1      }
  203          
  204          void OLED_BuffShowLine(unsigned char x1, unsigned char y1,
  205                                 unsigned char x2, unsigned char y2)
  206          {
  207   1          unsigned char x, y;
  208   1          if (x1 > x2) { x=x1;x1=x2;x2=x; y=y1;y1=y2;y2=y; }
  209   1          if (x1 != x2)
  210   1          {
  211   2              for (x = x1; x <= x2; x++)
  212   2              {
  213   3                  if (y2 > y1)
  214   3                      OLED_BuffShowPoint(x, (unsigned char)(y1 + (unsigned int)(y2-y1)*(unsigned int)x/(unsigne
             -d int)(x2-x1)));
  215   3                  else
  216   3                      OLED_BuffShowPoint(x, (unsigned char)(y1 - (unsigned int)(y1-y2)*(unsigned int)x/(unsigne
             -d int)(x2-x1)));
  217   3              }
  218   2          }
  219   1          else
  220   1          {
  221   2              if (y1 > y2) { for (y=y2; y<=y1; y++) OLED_BuffShowPoint(x1,y); }
  222   2              else          { for (y=y1; y<=y2; y++) OLED_BuffShowPoint(x1,y); }
  223   2          }
  224   1      }
  225          
  226          void OLED_BuffShowRectangle(unsigned char x1, unsigned char y1,
  227                                       unsigned char x2, unsigned char y2)
  228          {
  229   1          OLED_BuffShowLine(x1,y1,x2,y1);
  230   1          OLED_BuffShowLine(x1,y1,x1,y2);
  231   1          OLED_BuffShowLine(x1,y2,x2,y2);
  232   1          OLED_BuffShowLine(x2,y1,x2,y2);
  233   1      }
  234          
  235          void OLED_BuffShowCircle(unsigned char x, unsigned char y, unsigned char r)
  236          {
  237   1          int a, b, di;
  238   1          unsigned char x_add_a, x_add_b, x_sub_a, x_sub_b;
  239   1          unsigned char y_add_a, y_add_b, y_sub_a, y_sub_b;
  240   1          a=0; b=r; di=3-(r<<1);
  241   1          while (a <= b)
  242   1          {
  243   2              x_add_a=x+a; x_add_b=x+b; x_sub_a=x-a; x_sub_b=x-b;
  244   2              y_add_a=y+a; y_add_b=y+b; y_sub_a=y-a; y_sub_b=y-b;
  245   2              OLED_BuffShowPoint(x_add_a, y_sub_b);
  246   2              OLED_BuffShowPoint(x_add_b, y_sub_a);
  247   2              OLED_BuffShowPoint(x_sub_b, y_add_a);
  248   2              OLED_BuffShowPoint(x_sub_a, y_add_b);
  249   2              OLED_BuffShowPoint(x_sub_a, y_sub_b);
  250   2              OLED_BuffShowPoint(x_add_b, y_add_a);
  251   2              OLED_BuffShowPoint(x_sub_b, y_sub_a);
C251 COMPILER V5.60.0,  oled                                                               15/03/26  13:22:10  PAGE 5   

  252   2              OLED_BuffShowPoint(x_add_a, y_add_b);
  253   2              a++;
  254   2              if (di < 0) di += 4*a+6;
  255   2              else { di += 10+4*(a-b); b--; }
  256   2          }
  257   1      }
  258          
  259          void OLED_BuffShowChar(unsigned char x, unsigned char y,
  260                                 char asc, unsigned char mode)
  261          {
  262   1          unsigned char j, k;
  263   1          for (j = 0; j < 2; j++)
  264   1              for (k = 0; k < 8; k++)
  265   1              {
  266   2                  if (mode == 0)
  267   2                      ShowBUFF[j+y][x+k] = Ascll_16[(asc-' ')*2][j*8+k];
  268   2                  else
  269   2                      ShowBUFF[j+y][x+k] = ~Ascll_16[(asc-' ')*2][j*8+k];
  270   2              }
  271   1      }
  272          
  273          void OLED_BuffShowGBK(unsigned char x, unsigned char y,
  274                                char *gbk, unsigned char mode)
  275          {
  276   1          unsigned char i, j, k;
  277   1          for (i = 0; i < sizeof(GBK16)/sizeof(GBK16[0]); i++)
  278   1          {
  279   2              if ((gbk[0]==GBK16[i].gbn_bum[0]) && (gbk[1]==GBK16[i].gbn_bum[1]))
  280   2              {
  281   3                  for (j = 0; j < 2; j++)
  282   3                      for (k = 0; k < 16; k++)
  283   3                      {
  284   4                          if (mode == 0)
  285   4                              ShowBUFF[j+y][x+k] = GBK16[i].gbk_font[j*16+k];
  286   4                          else
  287   4                              ShowBUFF[j+y][x+k] = ~GBK16[i].gbk_font[j*16+k];
  288   4                      }
  289   3                  break;
  290   3              }
  291   2          }
  292   1      }
  293          
  294          void OLED_BuffShowString(unsigned char x, unsigned char y,
  295                                   char *s, unsigned char mode)
  296          {
  297   1          char s_num[2];
  298   1          while (*s != '\0')
  299   1          {
  300   2              if ((unsigned char)*s < 0x80)
  301   2              {
  302   3                  OLED_BuffShowChar(x, y, *s, mode);
  303   3                  x += 8; s++;
  304   3              }
  305   2              else
  306   2              {
  307   3                  s_num[0] = *s; s_num[1] = *(s+1);
  308   3                  OLED_BuffShowGBK(x, y, s_num, mode);
  309   3                  x += 16; s += 2;
  310   3              }
  311   2              if (x > 127) { x=0; y+=2; }
  312   2          }
  313   1      }
  314          
  315          void OLED_BuffShowNum(unsigned char x, unsigned char y,
  316                                long num, unsigned char mode)
  317          {
C251 COMPILER V5.60.0,  oled                                                               15/03/26  13:22:10  PAGE 6   

  318   1          unsigned char xdata str[10];
  319   1          memset(str, 0, 10);
  320   1          sprintf(str, "%ld", num);
  321   1          OLED_BuffShowString(x, y, (unsigned char*)str, mode);
  322   1      }
  323          
  324          void OLED_BuffShowNum02F(unsigned char x, unsigned char y,
  325                                   float num, unsigned char mode)
  326          {
  327   1          unsigned char xdata str[10];
  328   1          memset(str, 0, 10);
  329   1          sprintf(str, "%.2f", num);
  330   1          OLED_BuffShowString(x, y, (unsigned char*)str, mode);
  331   1      }
  332          
  333          void OLED_BuffShowChar32(unsigned char x, unsigned char y,
  334                                   unsigned char num, unsigned char mode)
  335          {
  336   1          unsigned char j, k;
  337   1          for (j = 0; j < 4; j++)
  338   1              for (k = 0; k < 16; k++)
  339   1              {
  340   2                  if (mode == 0)
  341   2                      ShowBUFF[j+y][x+k] = lib_num1632[num][j*16+k];
  342   2                  else
  343   2                      ShowBUFF[j+y][x+k] = ~lib_num1632[num][j*16+k];
  344   2              }
  345   1      }
  346          
  347          void OLED_BuffShowBMP(unsigned char x0, unsigned char y0,
  348                                unsigned char x1, unsigned char y1, unsigned char BMP[])
  349          {
  350   1          unsigned int xdata num = 0;
  351   1          unsigned char k, j;
  352   1          for (j = 0; j < y1; j++)
  353   1              for (k = 0; k < x1; k++)
  354   1                  ShowBUFF[j+y0][x0+k] = BMP[num++];
  355   1      }


Module Information          Static   Overlayable
------------------------------------------------
  code size            =      5263     ------
  ecode size           =    ------     ------
  data size            =    ------     ------
  idata size           =    ------     ------
  pdata size           =    ------     ------
  xdata size           =      1024         23
  xdata-const size     =    ------     ------
  edata size           =    ------         32
  bit size             =    ------     ------
  ebit size            =    ------     ------
  bitaddressable size  =    ------     ------
  ebitaddressable size =    ------     ------
  far data size        =    ------     ------
  huge data size       =    ------     ------
  const size           =    ------     ------
  hconst size          =         9     ------
End of Module Information.


C251 COMPILATION COMPLETE.  3 WARNING(S),  0 ERROR(S)
