L251 LINKER/LOCATER V4.66.93.0                                                          03/13/2026  15:47:52  PAGE 1


L251 LINKER/LOCATER V4.66.93.0, INVOKED BY:
D:\KEIL MDK\C251\BIN\L251.EXE .\Objects\main.obj, .\Objects\oled.obj, .\Objects\spi.obj TO .\Objects\STC32G_Test_06_SPIÍ
>> ¨ÐÅOLEDÆÁ PRINT (.\Listings\STC32G_Test_06_SPIÍ¨ÐÅOLEDÆÁ.map) CASE CLASSES (EDATA (0X0-0XFFF), HDATA (0X0-0XFFF))


CPU MODE:     251 SOURCE MODE
INTR FRAME:   2 BYTES SAVED ON INTERRUPT
MEMORY MODEL: XSMALL WITH FLOATING POINT ARITHMETIC


INPUT MODULES INCLUDED:
  .\Objects\main.obj (main)
         COMMENT TYPE 0: C251 V5.60.0
  .\Objects\oled.obj (oled)
         COMMENT TYPE 0: C251 V5.60.0
  .\Objects\spi.obj (spi)
         COMMENT TYPE 0: C251 V5.60.0
  D:\KEIL MDK\C251\LIB\C2SFPXS.LIB (SPRINTF)
         COMMENT TYPE 0: A251 V4.69.6.0
  D:\KEIL MDK\C251\LIB\C2SFPXS.LIB (VSPRINTF)
         COMMENT TYPE 0: A251 V4.69.6.0
  D:\KEIL MDK\C251\LIB\C2SFPXS.LIB (?C?PRNFMT)
         COMMENT TYPE 0: A251 V4.69.6.0
  D:\KEIL MDK\C251\LIB\C2SFPXS.LIB (?C?FPCONVERT)
         COMMENT TYPE 0: A251 V4.69.6.0
  D:\KEIL MDK\C251\LIB\C2SFPXS.LIB (?C?FPMUL)
         COMMENT TYPE 0: A251 V4.69.6.0
  D:\KEIL MDK\C251\LIB\C2SFPXS.LIB (?C?FPDIV)
         COMMENT TYPE 0: A251 V4.69.6.0
  D:\KEIL MDK\C251\LIB\C2SFPXS.LIB (?C?FTNPWR)
         COMMENT TYPE 0: A251 V4.69.6.0
  D:\KEIL MDK\C251\LIB\C2SFPXS.LIB (?C?FPGETOPN)
         COMMENT TYPE 0: A251 V4.69.6.0
  D:\KEIL MDK\C251\LIB\C2SXS.LIB (?C_START)
         COMMENT TYPE 0: A251 V4.69.6.0
  D:\KEIL MDK\C251\LIB\C2SXS.LIB (?C?INITEDATA)
         COMMENT TYPE 0: A251 V4.69.6.0
  D:\KEIL MDK\C251\LIB\C2SXS.LIB (?C?SIDIV)
         COMMENT TYPE 0: A251 V4.69.6.0
  D:\KEIL MDK\C251\LIB\C2SXS.LIB (STRLEN)
         COMMENT TYPE 0: C251 V5.58.7
  D:\KEIL MDK\C251\LIB\C2SXS.LIB (memset)
         COMMENT TYPE 0: C251 V5.58.7
  D:\KEIL MDK\C251\LIB\C2SXS.LIB (?C?INITEDATA_END)
         COMMENT TYPE 0: A251 V4.69.6.0


ACTIVE MEMORY CLASSES OF MODULE:  .\Objects\STC32G_Test_06_SPIÍ¨ÐÅOLEDÆÁ (main)

BASE        START       END         USED      MEMORY CLASS
==========================================================
000000H     000000H     000FFFH     0001B1H   EDATA
000000H     000000H     000FFFH               HDATA
000000H     FF0000H     FFFFFFH     00003FH   HCONST
FF0000H     FF0000H     FFFFFFH     002C94H   CODE
000020H.0   000020H.0   00002FH.7   000000H.2 BIT
010000H     010000H     01FFFFH     000417H   XDATA
FF0000H     FF0000H     FFFFFFH     000004H   CONST
000000H     000000H     00007FH     000008H   DATA


MEMORY MAP OF MODULE:  .\Objects\STC32G_Test_06_SPIÍ¨ÐÅOLEDÆÁ (main)


START     STOP      LENGTH    ALIGN  RELOC    MEMORY CLASS   SEGMENT NAME
=========================================================================
L251 LINKER/LOCATER V4.66.93.0                                                        03/13/2026  15:47:52  PAGE 2


000000H   000007H   000008H   ---    AT..     DATA           "REG BANK 0"
000008H   000013H   00000CH   BYTE   UNIT     EDATA          ?ED?OLED_BUFFSHOWCIRCLE?OLED
000014H   000019H   000006H   BYTE   UNIT     EDATA          ?ED?MAIN
00001AH   00001EH   000005H   BYTE   UNIT     EDATA          ?ED?OLED_DRAWBMP?OLED
00001FH.0 00001FH.7 000001H.0 ---    ---      **GAP**
000020H.0 000020H.1 000000H.2 BIT    UNIT     BIT            ?BI?MAIN
000020H.2 000020H   000000H.6 ---    ---      **GAP**
000021H   0000B4H   000094H   BYTE   UNIT     EDATA          _EDATA_GROUP_
0000B5H   0000B8H   000004H   BYTE   UNIT     EDATA          ?ED?OLED_BUFFSHOWNUM02F?OLED
0000B9H   0000BAH   000002H   BYTE   UNIT     EDATA          ?ED?OLED_BUFFSHOWLINE?OLED
0000BBH   0001BAH   000100H   BYTE   UNIT     EDATA          ?STACK
0001BBH   00FFFFH   00FE45H   ---    ---      **GAP**
010000H   0103FFH   000400H   BYTE   INSEG    XDATA          ?XD?OLED
010400H   010409H   00000AH   BYTE   UNIT     XDATA          ?XD?OLED_BUFFSHOWNUM02F?OLED
01040AH   010413H   00000AH   BYTE   UNIT     XDATA          _XDATA_GROUP_
010414H   010416H   000003H   BYTE   UNIT     XDATA          ?XD?OLED_DRAWBMP?OLED
010417H   FEFFFFH   FDFBE9H   ---    ---      **GAP**
FF0000H   FF0002H   000003H   ---    OFFS..   CODE           ?CO?start251?4
FF0003H   FF0006H   000004H   BYTE   UNIT     CONST          ?CO?PRINTF
FF0007H   FF000AH   000004H   ---    ---      **GAP**
FF000BH   FF000DH   000003H   ---    OFFS..   CODE           ?PR?IV?1
FF000EH   FF0022H   000015H   BYTE   INSEG    CODE           ?PR?TIMER0_INIT?MAIN
FF0023H   FF0025H   000003H   ---    OFFS..   CODE           ?PR?IV?4
FF0026H   FF00C6H   0000A1H   BYTE   INSEG    CODE           ?PR?PWM_INIT?MAIN
FF00C7H   FF00D7H   000011H   BYTE   INSEG    CODE           ?PR?SPI_WRITEBYTE?SPI
FF00D8H   FF00DAH   000003H   ---    ---      **GAP**
FF00DBH   FF00DDH   000003H   ---    OFFS..   CODE           ?PR?IV?27
FF00DEH   FF0D85H   000CA8H   BYTE   UNIT     CODE           ?CO?OLED
FF0D86H   FF1985H   000C00H   BYTE   UNIT     CODE           ?CO?MAIN
FF1986H   FF2111H   00078CH   BYTE   UNIT     CODE           ?C?LIB_CODE
FF2112H   FF2214H   000103H   BYTE   INSEG    CODE           ?PR?OLED_BUFFSHOWCIRCLE?OLED
FF2215H   FF22F6H   0000E2H   BYTE   INSEG    CODE           ?PR?OLED_INIT?OLED
FF22F7H   FF23B9H   0000C3H   BYTE   INSEG    CODE           ?PR?OLED_BUFFSHOWLINE?OLED
FF23BAH   FF2477H   0000BEH   BYTE   INSEG    CODE           ?PR?OLED_BUFFSHOWGBK?OLED
FF2478H   FF2504H   00008DH   BYTE   INSEG    CODE           ?PR?_M?MAIN
FF2505H   FF258FH   00008BH   BYTE   INSEG    CODE           ?PR?OLED_BUFFSHOWCHAR?OLED
FF2590H   FF2617H   000088H   BYTE   INSEG    CODE           ?PR?OLED_BUFFSHOWSTRING?OLED
FF2618H   FF269BH   000084H   BYTE   INSEG    CODE           ?PR?OLED_DRAWBMP?OLED
FF269CH   FF271CH   000081H   BYTE   INSEG    CODE           ?PR?OLED_BUFFSHOWCHAR32?OLED
FF271DH   FF2799H   00007DH   BYTE   INSEG    CODE           ?PR?PWMB_ENCODER_INIT?MAIN
FF279AH   FF27F0H   000057H   BYTE   INSEG    CODE           ?PR?OLED_BUFFSHOWBMP?OLED
FF27F1H   FF283FH   00004FH   BYTE   INSEG    CODE           ?PR?OLED_BUFFSHOWNUM02F?OLED
FF2840H   FF288EH   00004FH   BYTE   INSEG    CODE           ?PR?OLED_BUFFSHOW?OLED
FF288FH   FF28DDH   00004FH   BYTE   INSEG    CODE           ?PR?OLED_BUFFSHOWNUM?OLED
FF28DEH   FF2929H   00004CH   BYTE   INSEG    CODE           ?PR?TIMER0_ISR?MAIN
FF292AH   FF2972H   000049H   BYTE   INSEG    CODE           ?PR?OLED_BUFFSHOWPOINT?OLED
FF2973H   FF2985H   000013H   BYTE   UNIT     CODE           ?C_C51STARTUP
FF2986H   FF2987H   000002H   BYTE   UNIT     CODE           ?C_C51STARTUP?1
FF2988H   FF29B0H   000029H   BYTE   UNIT     CODE           ?C_C51STARTUP?2
FF29B1H   FF29B3H   000003H   BYTE   UNIT     CODE           ?C_C51STARTUP?3
FF29B4H   FF29F3H   000040H   BYTE   INSEG    CODE           ?PR?SYS_INIT?MAIN
FF29F4H   FF2A26H   000033H   BYTE   INSEG    CODE           ?PR?OLED_BUFFSHOWRECTANGLE?OLED
FF2A27H   FF2A58H   000032H   BYTE   INSEG    CODE           ?PR?CLK_INIT?MAIN
FF2A59H   FF2A8AH   000032H   BYTE   INSEG    CODE           ?PR?UART2_INIT?MAIN
FF2A8BH   FF2AB7H   00002DH   BYTE   INSEG    CODE           ?PR?SPI_INIT?SPI
FF2AB8H   FF2AE0H   000029H   BYTE   INSEG    CODE           ?PR?OLED_SET_POS?OLED
FF2AE1H   FF2B05H   000025H   BYTE   INSEG    CODE           ?PR?PWM_SETDUTY?MAIN
FF2B06H   FF2B2AH   000025H   BYTE   INSEG    CODE           ?PR?UART1_INIT?MAIN
FF2B2BH   FF2B4DH   000023H   BYTE   INSEG    CODE           ?PR?OLED_LIGHTSET?OLED
FF2B4EH   FF2B6FH   000022H   BYTE   INSEG    CODE           ?PR?PWMB_ISR?MAIN
FF2B70H   FF2B91H   000022H   BYTE   INSEG    CODE           ?PR?PRINTF?MAIN
FF2B92H   FF2BB0H   00001FH   BYTE   INSEG    CODE           ?PR?OLED_WR_BYTE?OLED
FF2BB1H   FF2BCBH   00001BH   BYTE   INSEG    CODE           ?PR?ENCODER_READ?MAIN
FF2BCCH   FF2BE6H   00001BH   BYTE   INSEG    CODE           ?PR?MAIN?MAIN
FF2BE7H   FF2C00H   00001AH   BYTE   INSEG    CODE           ?PR?MEMSET?_?MEMSET
L251 LINKER/LOCATER V4.66.93.0                                                        03/13/2026  15:47:52  PAGE 3


FF2C01H   FF2C17H   000017H   BYTE   INSEG    CODE           ?PR?DELAY_MS?OLED
FF2C18H   FF2C2DH   000016H   BYTE   INSEG    CODE           ?PR?UART1_SENDSTR?MAIN
FF2C2EH   FF2C42H   000015H   BYTE   INSEG    CODE           ?PR?UART1_ISR?MAIN
FF2C43H   FF2C57H   000015H   BYTE   INSEG    CODE           ?PR?OLED_DISPLAYON?OLED
FF2C58H   FF2C6CH   000015H   BYTE   INSEG    CODE           ?PR?OLED_DISPLAYOFF?OLED
FF2C6DH   FF2C7CH   000010H   BYTE   INSEG    CODE           ?PR?OLED_BUFFCLEAR?OLED
FF2C7DH   FF2C8AH   00000EH   BYTE   INSEG    CODE           ?PR?STRLEN?_?STRLEN
FF2C8BH   FF2C95H   00000BH   BYTE   INSEG    CODE           ?PR?DELAY?OLED
FF2C96H   FF2C9EH   000009H   BYTE   INSEG    CODE           ?PR?UART1_SENDBYTE?MAIN
FF2C9FH   FF2CC6H   000028H   BYTE   UNIT     HCONST         ?HC?MAIN
FF2CC7H   FF2CD4H   00000EH   BYTE   UNIT     HCONST         ?C_INITEDATA
FF2CD5H   FF2CDDH   000009H   BYTE   UNIT     HCONST         ?HC?OLED



OVERLAY MAP OF MODULE:   .\Objects\STC32G_Test_06_SPIÍ¨ÐÅOLEDÆÁ (main)


FUNCTION/MODULE                  EDATA_GROUP  XDATA_GROUP
--> CALLED FUNCTION/MODULE       START  STOP  START  STOP
=========================================================
Timer0_ISR/main                  ----- -----  ----- -----
  +--> Encoder_Read/main

Encoder_Read/main                ----- -----  ----- -----

*** NEW ROOT *******************

PWMB_ISR/main                    ----- -----  ----- -----

*** NEW ROOT *******************

UART1_ISR/main                   ----- -----  ----- -----

*** NEW ROOT *******************

?C_C51STARTUP?1                  ----- -----  ----- -----

*** NEW ROOT *******************

?C_C51STARTUP                    ----- -----  ----- -----

*** NEW ROOT *******************

?C_C51STARTUP?3                  ----- -----  ----- -----
  +--> main/main

main/main                        ----- -----  ----- -----
  +--> _m/main
  +--> SPRINTF/SPRINTF
  +--> strlen?_/STRLEN

_m/main                          ----- -----  ----- -----
  +--> Sys_init/main
  +--> CLK_Init/main
  +--> SPI_Init/spi
  +--> UART1_Init/main
  +--> UART2_Init/main
  +--> Timer0_Init/main
  +--> PWM_Init/main
  +--> PWMB_Encoder_Init/main
  +--> OLED_Init/oled
  +--> OLED_BuffClear/oled
  +--> PWM_SetDuty/main
  +--> OLED_BuffShowString/oled
L251 LINKER/LOCATER V4.66.93.0                                                        03/13/2026  15:47:52  PAGE 4


  +--> UART1_SendStr/main
  +--> Printf/main
  +--> OLED_BuffShowNum/oled
  +--> OLED_BuffShow/oled

Sys_init/main                    ----- -----  ----- -----

CLK_Init/main                    ----- -----  ----- -----

SPI_Init/spi                     ----- -----  ----- -----

UART1_Init/main                  ----- -----  ----- -----

UART2_Init/main                  ----- -----  ----- -----

Timer0_Init/main                 ----- -----  ----- -----

PWM_Init/main                    ----- -----  ----- -----

PWMB_Encoder_Init/main           ----- -----  ----- -----

OLED_Init/oled                   ----- -----  ----- -----
  +--> SPI_Init/spi
  +--> delay_ms/oled
  +--> OLED_WR_Byte/oled
  +--> OLED_DisplayOn/oled

delay_ms/oled                    ----- -----  ----- -----

OLED_WR_Byte/oled                0021H 0021H  ----- -----
  +--> SPI_WriteByte/spi
  +--> delay/oled

SPI_WriteByte/spi                ----- -----  ----- -----

delay/oled                       ----- -----  ----- -----

OLED_DisplayOn/oled              ----- -----  ----- -----
  +--> OLED_WR_Byte/oled

OLED_BuffClear/oled              ----- -----  ----- -----
  +--> memset?_/memset

memset?_/memset                  ----- -----  ----- -----

PWM_SetDuty/main                 ----- -----  ----- -----

OLED_BuffShowString/oled         0025H 0029H  ----- -----
  +--> OLED_BuffShowChar/oled
  +--> OLED_BuffShowGBK/oled

OLED_BuffShowChar/oled           ----- -----  ----- -----

OLED_BuffShowGBK/oled            ----- -----  ----- -----

UART1_SendStr/main               ----- -----  ----- -----
  +--> UART1_SendByte/main

UART1_SendByte/main              ----- -----  ----- -----

Printf/main                      0021H 00B0H  ----- -----
  +--> VSPRINTF/VSPRINTF
  +--> UART1_SendStr/main

VSPRINTF/VSPRINTF                00B1H 00B4H  ----- -----
L251 LINKER/LOCATER V4.66.93.0                                                        03/13/2026  15:47:52  PAGE 5


  +--> OUT/VSPRINTF

OUT/VSPRINTF                     ----- -----  ----- -----
  +--> PUTCH/VSPRINTF

PUTCH/VSPRINTF                   ----- -----  ----- -----

OLED_BuffShowNum/oled            0021H 0024H  040AH 0413H
  +--> memset?_/memset
  +--> SPRINTF/SPRINTF
  +--> OLED_BuffShowString/oled

SPRINTF/SPRINTF                  0025H 004CH  ----- -----
  +--> OUT/SPRINTF

OUT/SPRINTF                      ----- -----  ----- -----
  +--> PUTCH/SPRINTF

PUTCH/SPRINTF                    ----- -----  ----- -----

OLED_BuffShow/oled               ----- -----  ----- -----
  +--> OLED_WR_Byte/oled

strlen?_/STRLEN                  ----- -----  ----- -----

*** NEW ROOT *******************

?C_C51STARTUP?2                  ----- -----  ----- -----



PUBLIC SYMBOLS OF MODULE:  .\Objects\STC32G_Test_06_SPIÍ¨ÐÅOLEDÆÁ (main)


      VALUE       CLASS    TYPE      PUBLIC SYMBOL NAME
      =================================================
      000000FFH   NUMBER   ---       ?C?CODESEG
      00FF1E0CH   CODE     ---       ?C?FPCONVERT
      00FF1FA7H   CODE     ---       ?C?FPDIV
      00FF208FH   CODE     ---       ?C?FPGETOPN2
      00FF1F07H   CODE     ---       ?C?FPMUL
      00FF20CCH   CODE     ---       ?C?FPNANRESULT
      00FF20D4H   CODE     ---       ?C?FPOVERFLOW
      00FF20A8H   CODE     ---       ?C?FPRESULT
      00FF20BEH   CODE     ---       ?C?FPRESULT2
      00FF1EC4H   CODE     ---       ?C?FPROUND
      00FF20D1H   CODE     ---       ?C?FPUNDERFLOW
      00FF2058H   CODE     ---       ?C?FTNPWR
      00FF2988H   CODE     ---       ?C?INITEDATA
      00FF2CD3H   HCONST   WORD      ?C?INITEDATA_END
      00FF19EFH   CODE     ---       ?C?PRNFMT
      00FF20E0H   CODE     ---       ?C?SIDIV
      00FF0000H   CODE     ---       ?C?STARTUP
      00000001H   NUMBER   ---       ?C?XDATASEG
      00FF0000H   CODE     ---       ?C_STARTUP
      00000049H   EDATA    BYTE      ?Printf?BYTE
      0000004DH   EDATA    ---       ?sprintf?BYTE
      000000A9H   EDATA    ---       ?vsprintf?BYTE
      00FF2478H   CODE     ---       _m
*SFR* 000000E0H   DATA     BYTE      ACC
*SFR* 000000BCH   DATA     BYTE      ADC_CONTR
*SFR* 000000DEH   DATA     BYTE      ADCCFG
      00FF03DEH   CODE     ---       Ascll_16
*SFR* 000000EFH   DATA     BYTE      AUXINTIF
*SFR* 0000008EH   DATA     BYTE      AUXR
L251 LINKER/LOCATER V4.66.93.0                                                        03/13/2026  15:47:52  PAGE 6


*SFR* 00000097H   DATA     BYTE      AUXR2
*SFR* 000000F0H   DATA     BYTE      B
      00000020H.1 BIT      BIT       B_Change
*SFR* 000000F1H   DATA     BYTE      CANICR
*SFR* 000000EAH   DATA     BYTE      CKCON
      00FF2A27H   CODE     ---       CLK_Init
*SFR* 000000E6H   DATA     BYTE      CMPCR1
*SFR* 000000E7H   DATA     BYTE      CMPCR2
*SFR* 000000CEH.2 DATA     BIT       CPHA
*SFR* 000000CEH.3 DATA     BIT       CPOL
      00FF2C8BH   CODE     ---       delay
      00FF2C01H   CODE     ---       delay_ms
      00000020H.0 BIT      BIT       disp_flag
*SFR* 000000CEH.5 DATA     BIT       DORD
*SFR* 000000A8H.7 DATA     BIT       EA
*SFR* 000000BAH.7 DATA     BIT       EAXFR
      00FF2BB1H   CODE     ---       Encoder_Read
*SFR* 000000A8H.4 DATA     BIT       ES
*SFR* 000000A8H.1 DATA     BIT       ET0
      00000014H   EDATA    WORD      g_enc_cnt
      00FF09CEH   CODE     ---       GBK16
*SFR* 000000C7H   DATA     BYTE      IAP_CONTR
*SFR* 000000A8H   DATA     BYTE      IE
*SFR* 000000AFH   DATA     BYTE      IE2
*SFR* 0000008FH   DATA     BYTE      INTCLKO
*SFR* 000000B8H   DATA     BYTE      IP
*SFR* 000000B5H   DATA     BYTE      IP2
*SFR* 000000B6H   DATA     BYTE      IP2H
*SFR* 000000DFH   DATA     BYTE      IP3
*SFR* 000000EEH   DATA     BYTE      IP3H
*SFR* 000000B7H   DATA     BYTE      IPH
*SFR* 0000009DH   DATA     BYTE      IRCBAND
      00FF0D86H   CODE     ---       LCD12864_IMG
      00FF00DEH   CODE     ---       lib_num1632
*SFR* 000000F9H   DATA     BYTE      LINICR
      00FF2BCCH   CODE     ---       main
      00FF2BE7H   CODE     ---       memset?_
      00000018H   EDATA    WORD      ms_tick
*SFR* 000000CEH.4 DATA     BIT       MSTR
      00FF1586H   CODE     ---       OLED12864_IMG
      00FF1186H   CODE     ---       OLED12864_ZWU_LOGO
      00FF2C6DH   CODE     ---       OLED_BuffClear
      00FF2840H   CODE     ---       OLED_BuffShow
      00FF279AH   CODE     ---       OLED_BuffShowBMP
      00FF2505H   CODE     ---       OLED_BuffShowChar
      00FF269CH   CODE     ---       OLED_BuffShowChar32
      00FF2112H   CODE     ---       OLED_BuffShowCircle
      00FF23BAH   CODE     ---       OLED_BuffShowGBK
      00FF22F7H   CODE     ---       OLED_BuffShowLine
      00FF288FH   CODE     ---       OLED_BuffShowNum
      00FF27F1H   CODE     ---       OLED_BuffShowNum02F
      00FF292AH   CODE     ---       OLED_BuffShowPoint
      00FF29F4H   CODE     ---       OLED_BuffShowRectangle
      00FF2590H   CODE     ---       OLED_BuffShowString
*SFR* 000000C0H.5 DATA     BIT       OLED_CS
*SFR* 000000A0H.7 DATA     BIT       OLED_DC
      00FF2C58H   CODE     ---       OLED_DisplayOff
      00FF2C43H   CODE     ---       OLED_DisplayOn
      00FF2618H   CODE     ---       OLED_DrawBMP
      00FF2215H   CODE     ---       OLED_Init
      00FF2B2BH   CODE     ---       OLED_LightSet
*SFR* 000000A0H.6 DATA     BIT       OLED_REST
      00FF2AB8H   CODE     ---       OLED_Set_Pos
      00FF2B92H   CODE     ---       OLED_WR_Byte
*SFR* 00000080H   DATA     BYTE      P0
L251 LINKER/LOCATER V4.66.93.0                                                        03/13/2026  15:47:52  PAGE 7


*SFR* 00000094H   DATA     BYTE      P0M0
*SFR* 00000093H   DATA     BYTE      P0M1
*SFR* 00000090H   DATA     BYTE      P1
*SFR* 00000090H.2 DATA     BIT       P12
*SFR* 00000092H   DATA     BYTE      P1M0
*SFR* 00000091H   DATA     BYTE      P1M1
*SFR* 000000A0H   DATA     BYTE      P2
*SFR* 00000096H   DATA     BYTE      P2M0
*SFR* 00000095H   DATA     BYTE      P2M1
*SFR* 000000B0H   DATA     BYTE      P3
*SFR* 000000B2H   DATA     BYTE      P3M0
*SFR* 000000B1H   DATA     BYTE      P3M1
*SFR* 000000C0H   DATA     BYTE      P4
*SFR* 000000B4H   DATA     BYTE      P4M0
*SFR* 000000B3H   DATA     BYTE      P4M1
*SFR* 000000C8H   DATA     BYTE      P5
*SFR* 000000CAH   DATA     BYTE      P5M0
*SFR* 000000C9H   DATA     BYTE      P5M1
*SFR* 000000E8H   DATA     BYTE      P6
*SFR* 000000CCH   DATA     BYTE      P6M0
*SFR* 000000CBH   DATA     BYTE      P6M1
*SFR* 000000F8H   DATA     BYTE      P7
*SFR* 000000E2H   DATA     BYTE      P7M0
*SFR* 000000E1H   DATA     BYTE      P7M1
*SFR* 000000A2H   DATA     BYTE      P_SW1
*SFR* 000000BAH   DATA     BYTE      P_SW2
*SFR* 000000BBH   DATA     BYTE      P_SW3
*SFR* 00000087H   DATA     BYTE      PCON
      00FF2B70H   CODE     ---       Printf
*SFR* 000000D0H   DATA     BYTE      PSW
      00FF0026H   CODE     ---       PWM_Init
      00FF2AE1H   CODE     ---       PWM_SetDuty
      00FF271DH   CODE     ---       PWMB_Encoder_Init
      00FF2B4EH   CODE     ---       PWMB_ISR
*SFR* 00000098H.0 DATA     BIT       RI
*SFR* 000000FFH   DATA     BYTE      RSTCFG
*SFR* 000000BAH.0 DATA     BIT       S2_S
*SFR* 0000009AH   DATA     BYTE      S2CON
*SFR* 000000ACH   DATA     BYTE      S3CON
*SFR* 000000FDH   DATA     BYTE      S4CON
*SFR* 00000099H   DATA     BYTE      SBUF
*SFR* 00000098H   DATA     BYTE      SCON
      00010000H   XDATA    ---       ShowBUFF
*SFR* 000000CEH   DATA     BYTE      SPCTL
*SFR* 000000CFH   DATA     BYTE      SPDAT
*SFR* 000000CEH.6 DATA     BIT       SPEN
      00FF2A8BH   CODE     ---       SPI_Init
*SFR* 000000A0H.3 DATA     BIT       SPI_MOSI
*SFR* 000000A0H.5 DATA     BIT       SPI_SCK
      00FF00C7H   CODE     ---       SPI_WriteByte
*SFR* 000000CDH.7 DATA     BIT       SPIF
      00FF1986H   CODE     NEAR LAB  sprintf
*SFR* 000000CDH   DATA     BYTE      SPSTAT
*SFR* 000000CEH.7 DATA     BIT       SSIG
      00FF2C7DH   CODE     ---       strlen?_
      00FF29B4H   CODE     ---       Sys_init
*SFR* 000000D6H   DATA     BYTE      T2H
*SFR* 000000D7H   DATA     BYTE      T2L
*SFR* 000000DDH   DATA     BYTE      T4T3M
*SFR* 00000088H   DATA     BYTE      TCON
      00000016H   EDATA    WORD      test_pwmb
*SFR* 00000088H.5 DATA     BIT       TF0
*SFR* 0000008CH   DATA     BYTE      TH0
*SFR* 0000008DH   DATA     BYTE      TH1
*SFR* 00000098H.1 DATA     BIT       TI
L251 LINKER/LOCATER V4.66.93.0                                                        03/13/2026  15:47:52  PAGE 8


      00FF000EH   CODE     ---       Timer0_Init
      00FF28DEH   CODE     ---       Timer0_ISR
*SFR* 0000008AH   DATA     BYTE      TL0
*SFR* 0000008BH   DATA     BYTE      TL1
*SFR* 00000089H   DATA     BYTE      TMOD
*SFR* 00000080H.4 DATA     BIT       TOG
*SFR* 00000088H.4 DATA     BIT       TR0
*SFR* 00000088H.6 DATA     BIT       TR1
      00FF2B06H   CODE     ---       UART1_Init
      00FF2C2EH   CODE     ---       UART1_ISR
      00FF2C96H   CODE     ---       UART1_SendByte
      00FF2C18H   CODE     ---       UART1_SendStr
      00FF2A59H   CODE     ---       UART2_Init
*SFR* 000000F4H   DATA     BYTE      USBCON
      00FF19A6H   CODE     NEAR LAB  vsprintf
*SFR* 000000CDH.6 DATA     BIT       WCOL
*SFR* 000000C1H   DATA     BYTE      WDT_CONTR
*SFR* 000000E9H   DATA     BYTE      WTST



SYMBOL TABLE OF MODULE:  .\Objects\STC32G_Test_06_SPIÍ¨ÐÅOLEDÆÁ (main)

      VALUE       REP       CLASS    TYPE      SYMBOL NAME
      ====================================================
      ---         MODULE    ---      ---       main
      00FF28DEH   PUBLIC    CODE     ---       Timer0_ISR
      00FF2B4EH   PUBLIC    CODE     ---       PWMB_ISR
      00FF2C18H   PUBLIC    CODE     ---       UART1_SendStr
      00FF2BB1H   PUBLIC    CODE     ---       Encoder_Read
      00FF2BCCH   PUBLIC    CODE     ---       main
      00FF000EH   PUBLIC    CODE     ---       Timer0_Init
      00FF2AE1H   PUBLIC    CODE     ---       PWM_SetDuty
      00FF2C2EH   PUBLIC    CODE     ---       UART1_ISR
      00FF2478H   PUBLIC    CODE     ---       _m
      00FF2A27H   PUBLIC    CODE     ---       CLK_Init
      00FF271DH   PUBLIC    CODE     ---       PWMB_Encoder_Init
      00FF29B4H   PUBLIC    CODE     ---       Sys_init
      00FF2B06H   PUBLIC    CODE     ---       UART1_Init
      00FF2A59H   PUBLIC    CODE     ---       UART2_Init
      00FF0026H   PUBLIC    CODE     ---       PWM_Init
      00FF2C96H   PUBLIC    CODE     ---       UART1_SendByte
      00FF2B70H   PUBLIC    CODE     ---       Printf
      00FF0D86H   PUBLIC    CODE     ---       LCD12864_IMG
      00FF1186H   PUBLIC    CODE     ---       OLED12864_ZWU_LOGO
      00FF1586H   PUBLIC    CODE     ---       OLED12864_IMG
      00000014H   PUBLIC    EDATA    WORD      g_enc_cnt
      00000016H   PUBLIC    EDATA    WORD      test_pwmb
      00000018H   PUBLIC    EDATA    WORD      ms_tick
      00000020H.0 PUBLIC    BIT      BIT       disp_flag
      00000020H.1 PUBLIC    BIT      BIT       B_Change
      00000049H   PUBLIC    EDATA    BYTE      ?Printf?BYTE
      00000094H   SFRSYM    DATA     BYTE      P0M0
      000000D0H   SFRSYM    DATA     BYTE      PSW
      000000BAH.7 SFRSYM    DATA     BIT       EAXFR
      0000009DH   SFRSYM    DATA     BYTE      IRCBAND
      00000097H   SFRSYM    DATA     BYTE      AUXR2
      000000EAH   SFRSYM    DATA     BYTE      CKCON
      000000EFH   SFRSYM    DATA     BYTE      AUXINTIF
      00000080H.4 SFRSYM    DATA     BIT       TOG
      000000FDH   SFRSYM    DATA     BYTE      S4CON
      000000ACH   SFRSYM    DATA     BYTE      S3CON
      0000009AH   SFRSYM    DATA     BYTE      S2CON
      000000B7H   SFRSYM    DATA     BYTE      IPH
      000000CDH   SFRSYM    DATA     BYTE      SPSTAT
L251 LINKER/LOCATER V4.66.93.0                                                        03/13/2026  15:47:52  PAGE 9


      000000DDH   SFRSYM    DATA     BYTE      T4T3M
      000000C1H   SFRSYM    DATA     BYTE      WDT_CONTR
      00000088H.6 SFRSYM    DATA     BIT       TR1
      00000088H.4 SFRSYM    DATA     BIT       TR0
      000000E9H   SFRSYM    DATA     BYTE      WTST
      000000D7H   SFRSYM    DATA     BYTE      T2L
      0000008BH   SFRSYM    DATA     BYTE      TL1
      0000008AH   SFRSYM    DATA     BYTE      TL0
      000000D6H   SFRSYM    DATA     BYTE      T2H
      0000008DH   SFRSYM    DATA     BYTE      TH1
      0000008CH   SFRSYM    DATA     BYTE      TH0
      000000DFH   SFRSYM    DATA     BYTE      IP3
      000000F4H   SFRSYM    DATA     BYTE      USBCON
      000000B5H   SFRSYM    DATA     BYTE      IP2
      000000FFH   SFRSYM    DATA     BYTE      RSTCFG
      00000088H.5 SFRSYM    DATA     BIT       TF0
      000000A8H.1 SFRSYM    DATA     BIT       ET0
      000000E0H   SFRSYM    DATA     BYTE      ACC
      000000C7H   SFRSYM    DATA     BYTE      IAP_CONTR
      000000F9H   SFRSYM    DATA     BYTE      LINICR
      0000008EH   SFRSYM    DATA     BYTE      AUXR
      000000F0H   SFRSYM    DATA     BYTE      B
      000000AFH   SFRSYM    DATA     BYTE      IE2
      000000BAH.0 SFRSYM    DATA     BIT       S2_S
      00000088H   SFRSYM    DATA     BYTE      TCON
      00000089H   SFRSYM    DATA     BYTE      TMOD
      00000098H   SFRSYM    DATA     BYTE      SCON
      00000090H.2 SFRSYM    DATA     BIT       P12
      000000F1H   SFRSYM    DATA     BYTE      CANICR
      00000087H   SFRSYM    DATA     BYTE      PCON
      00000099H   SFRSYM    DATA     BYTE      SBUF
      000000BCH   SFRSYM    DATA     BYTE      ADC_CONTR
      000000E7H   SFRSYM    DATA     BYTE      CMPCR2
      000000E6H   SFRSYM    DATA     BYTE      CMPCR1
      00000098H.1 SFRSYM    DATA     BIT       TI
      00000098H.0 SFRSYM    DATA     BIT       RI
      000000DEH   SFRSYM    DATA     BYTE      ADCCFG
      000000B8H   SFRSYM    DATA     BYTE      IP
      000000A8H.4 SFRSYM    DATA     BIT       ES
      0000008FH   SFRSYM    DATA     BYTE      INTCLKO
      000000EEH   SFRSYM    DATA     BYTE      IP3H
      000000B6H   SFRSYM    DATA     BYTE      IP2H
      000000A8H   SFRSYM    DATA     BYTE      IE
      000000BBH   SFRSYM    DATA     BYTE      P_SW3
      000000BAH   SFRSYM    DATA     BYTE      P_SW2
      000000A2H   SFRSYM    DATA     BYTE      P_SW1
      000000CEH   SFRSYM    DATA     BYTE      SPCTL
      000000F8H   SFRSYM    DATA     BYTE      P7
      000000A8H.7 SFRSYM    DATA     BIT       EA
      000000E1H   SFRSYM    DATA     BYTE      P7M1
      000000E8H   SFRSYM    DATA     BYTE      P6
      000000C8H   SFRSYM    DATA     BYTE      P5
      000000CBH   SFRSYM    DATA     BYTE      P6M1
      000000E2H   SFRSYM    DATA     BYTE      P7M0
      000000C0H   SFRSYM    DATA     BYTE      P4
      000000C9H   SFRSYM    DATA     BYTE      P5M1
      000000CCH   SFRSYM    DATA     BYTE      P6M0
      000000B0H   SFRSYM    DATA     BYTE      P3
      000000B3H   SFRSYM    DATA     BYTE      P4M1
      000000CAH   SFRSYM    DATA     BYTE      P5M0
      000000A0H   SFRSYM    DATA     BYTE      P2
      000000B1H   SFRSYM    DATA     BYTE      P3M1
      000000B4H   SFRSYM    DATA     BYTE      P4M0
      00000090H   SFRSYM    DATA     BYTE      P1
      00000095H   SFRSYM    DATA     BYTE      P2M1
L251 LINKER/LOCATER V4.66.93.0                                                        03/13/2026  15:47:52  PAGE 10


      000000B2H   SFRSYM    DATA     BYTE      P3M0
      00000080H   SFRSYM    DATA     BYTE      P0
      00000091H   SFRSYM    DATA     BYTE      P1M1
      00000096H   SFRSYM    DATA     BYTE      P2M0
      00000092H   SFRSYM    DATA     BYTE      P1M0
      00000093H   SFRSYM    DATA     BYTE      P0M1

      00FF2A27H   BLOCK     CODE     ---       LVL=0
      00FF2A27H   LINE      CODE     ---       #35
      00FF2A27H   LINE      CODE     ---       #37
      00FF2A2AH   LINE      CODE     ---       #40
      00FF2A37H   LINE      CODE     ---       #41
      00FF2A45H   LINE      CODE     ---       #46
      00FF2A51H   LINE      CODE     ---       #49
      00FF2A58H   LINE      CODE     ---       #53
      ---         BLOCKEND  ---      ---       LVL=0

      00FF2B06H   BLOCK     CODE     ---       LVL=0
      00FF2B06H   LINE      CODE     ---       #55
      00FF2B06H   LINE      CODE     ---       #58
      00FF2B09H   LINE      CODE     ---       #59
      00FF2B0CH   LINE      CODE     ---       #64
      00FF2B0FH   LINE      CODE     ---       #65
      00FF2B12H   LINE      CODE     ---       #68
      00FF2B15H   LINE      CODE     ---       #73
      00FF2B18H   LINE      CODE     ---       #74
      00FF2B1BH   LINE      CODE     ---       #76
      00FF2B1EH   LINE      CODE     ---       #80
      00FF2B21H   LINE      CODE     ---       #81
      00FF2B24H   LINE      CODE     ---       #84
      00FF2B26H   LINE      CODE     ---       #87
      00FF2B28H   LINE      CODE     ---       #88
      00FF2B2AH   LINE      CODE     ---       #89
      ---         BLOCKEND  ---      ---       LVL=0

      00FF2A59H   BLOCK     CODE     ---       LVL=0
      00FF2A59H   LINE      CODE     ---       #93
      00FF2A59H   LINE      CODE     ---       #96
      00FF2A5CH   LINE      CODE     ---       #97
      00FF2A5FH   LINE      CODE     ---       #98
      00FF2A62H   LINE      CODE     ---       #99
      00FF2A65H   LINE      CODE     ---       #102
      00FF2A68H   LINE      CODE     ---       #103
      00FF2A6BH   LINE      CODE     ---       #104
      00FF2A6DH   LINE      CODE     ---       #109
      00FF2A70H   LINE      CODE     ---       #112
      00FF2A73H   LINE      CODE     ---       #115
      00FF2A76H   LINE      CODE     ---       #116
      00FF2A79H   LINE      CODE     ---       #119
      00FF2A7CH   LINE      CODE     ---       #120
      00FF2A7FH   LINE      CODE     ---       #124
      00FF2A82H   LINE      CODE     ---       #126
      00FF2A85H   LINE      CODE     ---       #129
      00FF2A88H   LINE      CODE     ---       #130
      00FF2A8AH   LINE      CODE     ---       #131
      ---         BLOCKEND  ---      ---       LVL=0

      00FF0026H   BLOCK     CODE     ---       LVL=0
      00FF0026H   LINE      CODE     ---       #133
      00FF0026H   LINE      CODE     ---       #135
      00FF0029H   LINE      CODE     ---       #138
      00FF002CH   LINE      CODE     ---       #139
      00FF002FH   LINE      CODE     ---       #143
      00FF003FH   LINE      CODE     ---       #152
      00FF0048H   LINE      CODE     ---       #156
L251 LINKER/LOCATER V4.66.93.0                                                        03/13/2026  15:47:52  PAGE 11


      00FF0054H   LINE      CODE     ---       #159
      00FF005BH   LINE      CODE     ---       #160
      00FF0062H   LINE      CODE     ---       #169
      00FF006BH   LINE      CODE     ---       #170
      00FF0074H   LINE      CODE     ---       #177
      00FF007DH   LINE      CODE     ---       #180
      00FF0086H   LINE      CODE     ---       #181
      00FF008FH   LINE      CODE     ---       #188
      00FF0098H   LINE      CODE     ---       #195
      00FF00A1H   LINE      CODE     ---       #200
      00FF00AAH   LINE      CODE     ---       #205
      00FF00B2H   LINE      CODE     ---       #209
      00FF00BAH   LINE      CODE     ---       #212
      00FF00C3H   LINE      CODE     ---       #214
      00FF00C6H   LINE      CODE     ---       #215
      ---         BLOCKEND  ---      ---       LVL=0

      00FF2AE1H   BLOCK     CODE     ---       LVL=0
      WR0         REGSYM    ---      WORD      duty
      00FF2AE1H   LINE      CODE     ---       #221
      00FF2AE3H   LINE      CODE     ---       #223
      00FF2AEDH   LINE      CODE     ---       #224
      00FF2AF0H   LINE      CODE     ---       #225
      00FF2AFBH   LINE      CODE     ---       #226
      00FF2B02H   LINE      CODE     ---       #227
      00FF2B05H   LINE      CODE     ---       #228
      ---         BLOCKEND  ---      ---       LVL=0

      00FF271DH   BLOCK     CODE     ---       LVL=0
      00FF271DH   LINE      CODE     ---       #230
      00FF271DH   LINE      CODE     ---       #232
      00FF2720H   LINE      CODE     ---       #233
      00FF2723H   LINE      CODE     ---       #236
      00FF272FH   LINE      CODE     ---       #239
      00FF2736H   LINE      CODE     ---       #242
      00FF273DH   LINE      CODE     ---       #243
      00FF2744H   LINE      CODE     ---       #246
      00FF274DH   LINE      CODE     ---       #247
      00FF2754H   LINE      CODE     ---       #250
      00FF275CH   LINE      CODE     ---       #251
      00FF2763H   LINE      CODE     ---       #257
      00FF276CH   LINE      CODE     ---       #258
      00FF2773H   LINE      CODE     ---       #262
      00FF277CH   LINE      CODE     ---       #268
      00FF2785H   LINE      CODE     ---       #271
      00FF278EH   LINE      CODE     ---       #274
      00FF2797H   LINE      CODE     ---       #276
      00FF2799H   LINE      CODE     ---       #277
      ---         BLOCKEND  ---      ---       LVL=0

      00FF2BB1H   BLOCK     CODE     ---       LVL=0
      WR6         REGSYM    ---      WORD      cnt
      00FF2BB1H   LINE      CODE     ---       #279
      00FF2BB1H   LINE      CODE     ---       #280
      00FF2BB1H   LINE      CODE     ---       #282
      00FF2BBEH   LINE      CODE     ---       #283
      00FF2BCBH   LINE      CODE     ---       #284
      00FF2BCBH   LINE      CODE     ---       #285
      ---         BLOCKEND  ---      ---       LVL=0

      00FF29B4H   BLOCK     CODE     ---       LVL=0
      00FF29B4H   LINE      CODE     ---       #287
      00FF29B4H   LINE      CODE     ---       #289
      00FF29B7H   LINE      CODE     ---       #290
      00FF29BAH   LINE      CODE     ---       #291
L251 LINKER/LOCATER V4.66.93.0                                                        03/13/2026  15:47:52  PAGE 12


      00FF29BDH   LINE      CODE     ---       #293
      00FF29C3H   LINE      CODE     ---       #294
      00FF29C9H   LINE      CODE     ---       #295
      00FF29CFH   LINE      CODE     ---       #296
      00FF29D5H   LINE      CODE     ---       #297
      00FF29DBH   LINE      CODE     ---       #298
      00FF29E1H   LINE      CODE     ---       #299
      00FF29E7H   LINE      CODE     ---       #300
      00FF29EDH   LINE      CODE     ---       #302
      00FF29F0H   LINE      CODE     ---       #303
      00FF29F3H   LINE      CODE     ---       #305
      ---         BLOCKEND  ---      ---       LVL=0

      00FF2C96H   BLOCK     CODE     ---       LVL=0
      R11         REGSYM    ---      BYTE      dat
      00FF2C96H   LINE      CODE     ---       #307
      00FF2C96H   LINE      CODE     ---       #309
      00FF2C99H   LINE      CODE     ---       #310
      00FF2C9CH   LINE      CODE     ---       #311
      00FF2C9EH   LINE      CODE     ---       #312
      ---         BLOCKEND  ---      ---       LVL=0

      00FF2C18H   BLOCK     CODE     ---       LVL=0
      REG=3       REGSYM    ---      ---       str
      00FF2C18H   LINE      CODE     ---       #314
      00FF2C1CH   LINE      CODE     ---       #316
      00FF2C2BH   LINE      CODE     ---       #318
      ---         BLOCKEND  ---      ---       LVL=0

      00FF2B70H   BLOCK     CODE     ---       LVL=0
      00000049H   SYMBOL    EDATA    ---       fmt
      00FF2B74H   BLOCK     CODE     NEAR LAB  LVL=1
      0000004DH   SYMBOL    EDATA    ---       buf
      REG=1       REGSYM    ---      ---       args
      ---         BLOCKEND  ---      ---       LVL=1
      00FF2B70H   LINE      CODE     ---       #319
      00FF2B74H   LINE      CODE     ---       #320
      00FF2B74H   LINE      CODE     ---       #325
      00FF2B7CH   LINE      CODE     ---       #326
      00FF2B8BH   LINE      CODE     ---       #329
      ---         BLOCKEND  ---      ---       LVL=0

      00FF000EH   BLOCK     CODE     ---       LVL=0
      00FF000EH   LINE      CODE     ---       #331
      00FF000EH   LINE      CODE     ---       #335
      00FF0011H   LINE      CODE     ---       #338
      00FF0014H   LINE      CODE     ---       #341
      00FF0017H   LINE      CODE     ---       #342
      00FF001AH   LINE      CODE     ---       #345
      00FF001CH   LINE      CODE     ---       #346
      00FF001EH   LINE      CODE     ---       #347
      00FF0020H   LINE      CODE     ---       #350
      00FF0022H   LINE      CODE     ---       #351
      ---         BLOCKEND  ---      ---       LVL=0

      00FF2BCCH   BLOCK     CODE     ---       LVL=0
      00FF2BCCH   LINE      CODE     ---       #353
      ---         BLOCKEND  ---      ---       LVL=0

      00FF2478H   BLOCK     CODE     ---       LVL=0
      00FF2478H   LINE      CODE     ---       #353
      00FF2478H   LINE      CODE     ---       #355
      00FF247BH   LINE      CODE     ---       #356
      00FF247EH   LINE      CODE     ---       #357
      00FF2481H   LINE      CODE     ---       #358
L251 LINKER/LOCATER V4.66.93.0                                                        03/13/2026  15:47:52  PAGE 13


      00FF2484H   LINE      CODE     ---       #359
      00FF2487H   LINE      CODE     ---       #360
      00FF248AH   LINE      CODE     ---       #361
      00FF248DH   LINE      CODE     ---       #362
      00FF2490H   LINE      CODE     ---       #363
      00FF2493H   LINE      CODE     ---       #364
      00FF2496H   LINE      CODE     ---       #365
      00FF249DH   LINE      CODE     ---       #366
      00FF24ADH   LINE      CODE     ---       #367
      00FF24BEH   LINE      CODE     ---       #368
      00FF24BEH   LINE      CODE     ---       #370
      00FF24C9H   LINE      CODE     ---       #371
      00FF24DCH   LINE      CODE     ---       #372
      00FF24DFH   LINE      CODE     ---       #374
      00FF24E1H   LINE      CODE     ---       #375
      00FF24F0H   LINE      CODE     ---       #376
      00FF2500H   LINE      CODE     ---       #377
      00FF2503H   LINE      CODE     ---       #378
      ---         BLOCKEND  ---      ---       LVL=0

      00FF2C2EH   BLOCK     CODE     ---       LVL=0
      00FF2C32H   BLOCK     CODE     NEAR LAB  LVL=1
      ---         BLOCKEND  ---      ---       LVL=1
      00FF2C2EH   LINE      CODE     ---       #383
      00FF2C32H   LINE      CODE     ---       #384
      00FF2C32H   LINE      CODE     ---       #386
      00FF2C35H   LINE      CODE     ---       #388
      00FF2C37H   LINE      CODE     ---       #390
      00FF2C39H   LINE      CODE     ---       #392
      00FF2C39H   LINE      CODE     ---       #393
      00FF2C3CH   LINE      CODE     ---       #395
      00FF2C3EH   LINE      CODE     ---       #396
      ---         BLOCKEND  ---      ---       LVL=0

      00FF2B4EH   BLOCK     CODE     ---       LVL=0
      00FF2B4EH   LINE      CODE     ---       #400
      00FF2B54H   LINE      CODE     ---       #402
      00FF2B56H   LINE      CODE     ---       #409
      00FF2B62H   LINE      CODE     ---       #410
      00FF2B69H   LINE      CODE     ---       #411
      ---         BLOCKEND  ---      ---       LVL=0

      00FF28DEH   BLOCK     CODE     ---       LVL=0
      00FF28DEH   LINE      CODE     ---       #414
      00FF28E4H   LINE      CODE     ---       #416
      00FF28EEH   LINE      CODE     ---       #419
      00FF28FCH   LINE      CODE     ---       #421
      00FF2903H   LINE      CODE     ---       #422
      00FF2903H   LINE      CODE     ---       #425
      00FF2911H   LINE      CODE     ---       #427
      00FF2913H   LINE      CODE     ---       #428
      00FF2913H   LINE      CODE     ---       #429
      00FF2923H   LINE      CODE     ---       #432
      ---         BLOCKEND  ---      ---       LVL=0

      ---         MODULE    ---      ---       oled
      00FF23BAH   PUBLIC    CODE     ---       OLED_BuffShowGBK
      00FF2112H   PUBLIC    CODE     ---       OLED_BuffShowCircle
      00FF27F1H   PUBLIC    CODE     ---       OLED_BuffShowNum02F
      00FF279AH   PUBLIC    CODE     ---       OLED_BuffShowBMP
      00FF2C8BH   PUBLIC    CODE     ---       delay
      00FF269CH   PUBLIC    CODE     ---       OLED_BuffShowChar32
      00FF2215H   PUBLIC    CODE     ---       OLED_Init
      00FF2C43H   PUBLIC    CODE     ---       OLED_DisplayOn
      00FF2B92H   PUBLIC    CODE     ---       OLED_WR_Byte
L251 LINKER/LOCATER V4.66.93.0                                                        03/13/2026  15:47:52  PAGE 14


      00FF2590H   PUBLIC    CODE     ---       OLED_BuffShowString
      00FF2B2BH   PUBLIC    CODE     ---       OLED_LightSet
      00FF2840H   PUBLIC    CODE     ---       OLED_BuffShow
      00FF2505H   PUBLIC    CODE     ---       OLED_BuffShowChar
      00FF22F7H   PUBLIC    CODE     ---       OLED_BuffShowLine
      00FF292AH   PUBLIC    CODE     ---       OLED_BuffShowPoint
      00FF2AB8H   PUBLIC    CODE     ---       OLED_Set_Pos
      00FF29F4H   PUBLIC    CODE     ---       OLED_BuffShowRectangle
      00FF2C01H   PUBLIC    CODE     ---       delay_ms
      00FF288FH   PUBLIC    CODE     ---       OLED_BuffShowNum
      00FF2C6DH   PUBLIC    CODE     ---       OLED_BuffClear
      00FF2618H   PUBLIC    CODE     ---       OLED_DrawBMP
      00FF2C58H   PUBLIC    CODE     ---       OLED_DisplayOff
      00FF00DEH   PUBLIC    CODE     ---       lib_num1632
      00FF03DEH   PUBLIC    CODE     ---       Ascll_16
      00FF09CEH   PUBLIC    CODE     ---       GBK16
      00010000H   PUBLIC    XDATA    ---       ShowBUFF
      000000D0H   SFRSYM    DATA     BYTE      PSW
      0000009DH   SFRSYM    DATA     BYTE      IRCBAND
      00000097H   SFRSYM    DATA     BYTE      AUXR2
      000000EFH   SFRSYM    DATA     BYTE      AUXINTIF
      000000FDH   SFRSYM    DATA     BYTE      S4CON
      000000ACH   SFRSYM    DATA     BYTE      S3CON
      0000009AH   SFRSYM    DATA     BYTE      S2CON
      000000B7H   SFRSYM    DATA     BYTE      IPH
      000000CDH   SFRSYM    DATA     BYTE      SPSTAT
      000000DDH   SFRSYM    DATA     BYTE      T4T3M
      000000C1H   SFRSYM    DATA     BYTE      WDT_CONTR
      000000DFH   SFRSYM    DATA     BYTE      IP3
      000000F4H   SFRSYM    DATA     BYTE      USBCON
      000000B5H   SFRSYM    DATA     BYTE      IP2
      000000FFH   SFRSYM    DATA     BYTE      RSTCFG
      000000E0H   SFRSYM    DATA     BYTE      ACC
      000000A0H.6 SFRSYM    DATA     BIT       OLED_REST
      000000C7H   SFRSYM    DATA     BYTE      IAP_CONTR
      000000F9H   SFRSYM    DATA     BYTE      LINICR
      0000008EH   SFRSYM    DATA     BYTE      AUXR
      000000F0H   SFRSYM    DATA     BYTE      B
      000000AFH   SFRSYM    DATA     BYTE      IE2
      00000088H   SFRSYM    DATA     BYTE      TCON
      00000089H   SFRSYM    DATA     BYTE      TMOD
      00000098H   SFRSYM    DATA     BYTE      SCON
      000000F1H   SFRSYM    DATA     BYTE      CANICR
      00000087H   SFRSYM    DATA     BYTE      PCON
      000000BCH   SFRSYM    DATA     BYTE      ADC_CONTR
      000000E7H   SFRSYM    DATA     BYTE      CMPCR2
      000000E6H   SFRSYM    DATA     BYTE      CMPCR1
      000000C0H.5 SFRSYM    DATA     BIT       OLED_CS
      000000DEH   SFRSYM    DATA     BYTE      ADCCFG
      000000B8H   SFRSYM    DATA     BYTE      IP
      0000008FH   SFRSYM    DATA     BYTE      INTCLKO
      000000EEH   SFRSYM    DATA     BYTE      IP3H
      000000B6H   SFRSYM    DATA     BYTE      IP2H
      000000A8H   SFRSYM    DATA     BYTE      IE
      000000BBH   SFRSYM    DATA     BYTE      P_SW3
      000000BAH   SFRSYM    DATA     BYTE      P_SW2
      000000A0H.7 SFRSYM    DATA     BIT       OLED_DC
      000000A2H   SFRSYM    DATA     BYTE      P_SW1
      000000CEH   SFRSYM    DATA     BYTE      SPCTL
      000000F8H   SFRSYM    DATA     BYTE      P7
      000000E8H   SFRSYM    DATA     BYTE      P6
      000000C8H   SFRSYM    DATA     BYTE      P5
      000000C0H   SFRSYM    DATA     BYTE      P4
      000000B0H   SFRSYM    DATA     BYTE      P3
      000000A0H   SFRSYM    DATA     BYTE      P2
L251 LINKER/LOCATER V4.66.93.0                                                        03/13/2026  15:47:52  PAGE 15


      00000090H   SFRSYM    DATA     BYTE      P1
      00000080H   SFRSYM    DATA     BYTE      P0

      00FF2C8BH   BLOCK     CODE     ---       LVL=0
      WR6         REGSYM    ---      INT       i
      00FF2C8BH   LINE      CODE     ---       #39
      00FF2C8BH   LINE      CODE     ---       #41
      00FF2C8BH   LINE      CODE     ---       #47
      00FF2C95H   LINE      CODE     ---       #49
      ---         BLOCKEND  ---      ---       LVL=0

      00FF2C01H   BLOCK     CODE     ---       LVL=0
      WR4         REGSYM    ---      WORD      ms
      00FF2C03H   BLOCK     CODE     NEAR LAB  LVL=1
      WR6         REGSYM    ---      WORD      i
      ---         BLOCKEND  ---      ---       LVL=1
      00FF2C01H   LINE      CODE     ---       #73
      00FF2C03H   LINE      CODE     ---       #75
      00FF2C03H   LINE      CODE     ---       #79
      00FF2C03H   LINE      CODE     ---       #81
      00FF2C07H   LINE      CODE     ---       #83
      00FF2C0FH   LINE      CODE     ---       #85
      00FF2C17H   LINE      CODE     ---       #87
      ---         BLOCKEND  ---      ---       LVL=0

      00FF2B92H   BLOCK     CODE     ---       LVL=0
      R10         REGSYM    ---      BYTE      dat
      R7          REGSYM    ---      BYTE      cmd
      00FF2B94H   BLOCK     CODE     NEAR LAB  LVL=1
      00000021H   SYMBOL    EDATA    ---       udat
      ---         BLOCKEND  ---      ---       LVL=1
      00FF2B92H   LINE      CODE     ---       #111
      00FF2B94H   LINE      CODE     ---       #113
      00FF2B94H   LINE      CODE     ---       #117
      00FF2B98H   LINE      CODE     ---       #119
      00FF2B9CH   LINE      CODE     ---       #123
      00FF2B9EH   LINE      CODE     ---       #125
      00FF2BA0H   LINE      CODE     ---       #131
      00FF2BA2H   LINE      CODE     ---       #133
      00FF2BA2H   LINE      CODE     ---       #135
      00FF2BA4H   LINE      CODE     ---       #137
      00FF2BA9H   LINE      CODE     ---       #139
      00FF2BACH   LINE      CODE     ---       #141
      00FF2BAEH   LINE      CODE     ---       #143
      00FF2BB0H   LINE      CODE     ---       #145
      ---         BLOCKEND  ---      ---       LVL=0

      00FF2215H   BLOCK     CODE     ---       LVL=0
      00FF2215H   LINE      CODE     ---       #169
      00FF2215H   LINE      CODE     ---       #173
      00FF2218H   LINE      CODE     ---       #175
      00FF221FH   LINE      CODE     ---       #177
      00FF2221H   LINE      CODE     ---       #179
      00FF2228H   LINE      CODE     ---       #181
      00FF222AH   LINE      CODE     ---       #183
      00FF2231H   LINE      CODE     ---       #185
      00FF2233H   LINE      CODE     ---       #189
      00FF223AH   LINE      CODE     ---       #191
      00FF2240H   LINE      CODE     ---       #193
      00FF2247H   LINE      CODE     ---       #195
      00FF224EH   LINE      CODE     ---       #197
      00FF2255H   LINE      CODE     ---       #199
      00FF225CH   LINE      CODE     ---       #201
      00FF2263H   LINE      CODE     ---       #203
      00FF226AH   LINE      CODE     ---       #205
L251 LINKER/LOCATER V4.66.93.0                                                        03/13/2026  15:47:52  PAGE 16


      00FF2271H   LINE      CODE     ---       #207
      00FF2278H   LINE      CODE     ---       #209
      00FF227FH   LINE      CODE     ---       #211
      00FF2286H   LINE      CODE     ---       #213
      00FF228CH   LINE      CODE     ---       #215
      00FF2293H   LINE      CODE     ---       #217
      00FF229AH   LINE      CODE     ---       #219
      00FF22A1H   LINE      CODE     ---       #221
      00FF22A8H   LINE      CODE     ---       #223
      00FF22AFH   LINE      CODE     ---       #225
      00FF22B6H   LINE      CODE     ---       #227
      00FF22BDH   LINE      CODE     ---       #229
      00FF22C4H   LINE      CODE     ---       #231
      00FF22CBH   LINE      CODE     ---       #233
      00FF22D1H   LINE      CODE     ---       #235
      00FF22D8H   LINE      CODE     ---       #237
      00FF22DFH   LINE      CODE     ---       #239
      00FF22E6H   LINE      CODE     ---       #241
      00FF22EDH   LINE      CODE     ---       #243
      00FF22F4H   LINE      CODE     ---       #247
      ---         BLOCKEND  ---      ---       LVL=0

      00FF2AB8H   BLOCK     CODE     ---       LVL=0
      R15         REGSYM    ---      BYTE      x
      R10         REGSYM    ---      BYTE      y
      00FF2AB8H   LINE      CODE     ---       #275
      00FF2ABCH   LINE      CODE     ---       #279
      00FF2AC5H   LINE      CODE     ---       #281
      00FF2AD3H   LINE      CODE     ---       #283
      00FF2ADEH   LINE      CODE     ---       #285
      ---         BLOCKEND  ---      ---       LVL=0

      00FF2618H   BLOCK     CODE     ---       LVL=0
      0000001AH   SYMBOL    EDATA    BYTE      x0
      0000001BH   SYMBOL    EDATA    BYTE      y0
      0000001CH   SYMBOL    EDATA    BYTE      x1
      0000001DH   SYMBOL    EDATA    BYTE      y1
      REG=3       REGSYM    ---      ---       BMP
      00FF262CH   BLOCK     CODE     NEAR LAB  LVL=1
      00010414H   SYMBOL    XDATA    WORD      j
      00010416H   SYMBOL    XDATA    BYTE      x
      0000001EH   SYMBOL    EDATA    BYTE      y
      ---         BLOCKEND  ---      ---       LVL=1
      00FF2618H   LINE      CODE     ---       #311
      00FF262CH   LINE      CODE     ---       #313
      00FF262CH   LINE      CODE     ---       #315
      00FF2634H   LINE      CODE     ---       #321
      00FF263EH   LINE      CODE     ---       #325
      00FF2649H   LINE      CODE     ---       #327
      00FF2650H   LINE      CODE     ---       #331
      00FF266AH   LINE      CODE     ---       #333
      00FF267AH   LINE      CODE     ---       #335
      00FF2699H   LINE      CODE     ---       #337
      ---         BLOCKEND  ---      ---       LVL=0

      00FF2C43H   BLOCK     CODE     ---       LVL=0
      00FF2C43H   LINE      CODE     ---       #361
      00FF2C43H   LINE      CODE     ---       #365
      00FF2C4AH   LINE      CODE     ---       #367
      00FF2C51H   LINE      CODE     ---       #369
      ---         BLOCKEND  ---      ---       LVL=0

      00FF2C58H   BLOCK     CODE     ---       LVL=0
      00FF2C58H   LINE      CODE     ---       #395
      00FF2C58H   LINE      CODE     ---       #399
L251 LINKER/LOCATER V4.66.93.0                                                        03/13/2026  15:47:52  PAGE 17


      00FF2C5FH   LINE      CODE     ---       #401
      00FF2C66H   LINE      CODE     ---       #403
      ---         BLOCKEND  ---      ---       LVL=0

      00FF2B2BH   BLOCK     CODE     ---       LVL=0
      R15         REGSYM    ---      BYTE      num
      00FF2B2BH   LINE      CODE     ---       #429
      00FF2B2FH   LINE      CODE     ---       #433
      00FF2B36H   LINE      CODE     ---       #435
      00FF2B3DH   LINE      CODE     ---       #437
      00FF2B44H   LINE      CODE     ---       #439
      00FF2B4BH   LINE      CODE     ---       #441
      ---         BLOCKEND  ---      ---       LVL=0

      00FF2C6DH   BLOCK     CODE     ---       LVL=0
      00FF2C6DH   LINE      CODE     ---       #467
      00FF2C6DH   LINE      CODE     ---       #471
      ---         BLOCKEND  ---      ---       LVL=0

      00FF2840H   BLOCK     CODE     ---       LVL=0
      00FF2844H   BLOCK     CODE     NEAR LAB  LVL=1
      R15         REGSYM    ---      BYTE      i
      R13         REGSYM    ---      BYTE      n
      R7          REGSYM    ---      BYTE      j
      ---         BLOCKEND  ---      ---       LVL=1
      00FF2840H   LINE      CODE     ---       #497
      00FF2844H   LINE      CODE     ---       #499
      00FF2844H   LINE      CODE     ---       #503
      00FF2846H   LINE      CODE     ---       #507
      00FF284CH   LINE      CODE     ---       #509
      00FF2853H   LINE      CODE     ---       #511
      00FF2859H   LINE      CODE     ---       #513
      00FF2860H   LINE      CODE     ---       #517
      00FF2862H   LINE      CODE     ---       #519
      00FF2883H   LINE      CODE     ---       #521
      00FF288AH   LINE      CODE     ---       #523
      ---         BLOCKEND  ---      ---       LVL=0

      00FF292AH   BLOCK     CODE     ---       LVL=0
      R2          REGSYM    ---      BYTE      x
      R3          REGSYM    ---      BYTE      y
      00FF292AH   LINE      CODE     ---       #547
      00FF292EH   LINE      CODE     ---       #551
      00FF2972H   LINE      CODE     ---       #553
      ---         BLOCKEND  ---      ---       LVL=0

      00FF22F7H   BLOCK     CODE     ---       LVL=0
      R14         REGSYM    ---      BYTE      x1
      R15         REGSYM    ---      BYTE      y1
      R12         REGSYM    ---      BYTE      x2
      R13         REGSYM    ---      BYTE      y2
      00FF2301H   BLOCK     CODE     NEAR LAB  LVL=1
      000000B9H   SYMBOL    EDATA    BYTE      x
      000000BAH   SYMBOL    EDATA    BYTE      y
      ---         BLOCKEND  ---      ---       LVL=1
      00FF22F7H   LINE      CODE     ---       #577
      00FF2301H   LINE      CODE     ---       #579
      00FF2301H   LINE      CODE     ---       #583
      00FF2305H   LINE      CODE     ---       #587
      00FF230FH   LINE      CODE     ---       #589
      00FF2319H   LINE      CODE     ---       #591
      00FF2319H   LINE      CODE     ---       #593
      00FF231DH   LINE      CODE     ---       #597
      00FF2323H   LINE      CODE     ---       #601
      00FF2327H   LINE      CODE     ---       #603
L251 LINKER/LOCATER V4.66.93.0                                                        03/13/2026  15:47:52  PAGE 18


      00FF2345H   LINE      CODE     ---       #607
      00FF2364H   LINE      CODE     ---       #609
      00FF2373H   LINE      CODE     ---       #611
      00FF2375H   LINE      CODE     ---       #617
      00FF2379H   LINE      CODE     ---       #621
      00FF237FH   LINE      CODE     ---       #623
      00FF2397H   LINE      CODE     ---       #625
      00FF2399H   LINE      CODE     ---       #631
      00FF239FH   LINE      CODE     ---       #633
      00FF23B7H   LINE      CODE     ---       #635
      00FF23B7H   LINE      CODE     ---       #637
      00FF23B7H   LINE      CODE     ---       #639
      ---         BLOCKEND  ---      ---       LVL=0

      00FF29F4H   BLOCK     CODE     ---       LVL=0
      R12         REGSYM    ---      BYTE      x1
      R13         REGSYM    ---      BYTE      y1
      R14         REGSYM    ---      BYTE      x2
      R15         REGSYM    ---      BYTE      y2
      00FF29F4H   LINE      CODE     ---       #663
      00FF29FEH   LINE      CODE     ---       #667
      00FF2A03H   LINE      CODE     ---       #669
      00FF2A0EH   LINE      CODE     ---       #671
      00FF2A19H   LINE      CODE     ---       #673
      00FF2A24H   LINE      CODE     ---       #675
      ---         BLOCKEND  ---      ---       LVL=0

      00FF2112H   BLOCK     CODE     ---       LVL=0
      R14         REGSYM    ---      BYTE      x
      R15         REGSYM    ---      BYTE      y
      R10         REGSYM    ---      BYTE      r
      00FF211AH   BLOCK     CODE     NEAR LAB  LVL=1
      WR12        REGSYM    ---      INT       a
      00000008H   SYMBOL    EDATA    INT       b
      0000000AH   SYMBOL    EDATA    INT       di
      0000000CH   SYMBOL    EDATA    BYTE      x_add_a
      0000000DH   SYMBOL    EDATA    BYTE      x_add_b
      0000000EH   SYMBOL    EDATA    BYTE      x_sub_a
      0000000FH   SYMBOL    EDATA    BYTE      x_sub_b
      00000010H   SYMBOL    EDATA    BYTE      y_add_a
      00000011H   SYMBOL    EDATA    BYTE      y_add_b
      00000012H   SYMBOL    EDATA    BYTE      y_sub_a
      00000013H   SYMBOL    EDATA    BYTE      y_sub_b
      ---         BLOCKEND  ---      ---       LVL=1
      00FF2112H   LINE      CODE     ---       #699
      00FF211AH   LINE      CODE     ---       #701
      00FF211AH   LINE      CODE     ---       #711
      00FF211CH   LINE      CODE     ---       #713
      00FF2122H   LINE      CODE     ---       #715
      00FF212CH   LINE      CODE     ---       #719
      00FF212FH   LINE      CODE     ---       #723
      00FF2139H   LINE      CODE     ---       #725
      00FF2143H   LINE      CODE     ---       #727
      00FF214BH   LINE      CODE     ---       #729
      00FF2153H   LINE      CODE     ---       #731
      00FF215DH   LINE      CODE     ---       #733
      00FF2167H   LINE      CODE     ---       #735
      00FF216FH   LINE      CODE     ---       #737
      00FF2177H   LINE      CODE     ---       #739
      00FF217AH   LINE      CODE     ---       #741
      00FF2185H   LINE      CODE     ---       #743
      00FF2190H   LINE      CODE     ---       #745
      00FF219BH   LINE      CODE     ---       #747
      00FF21A6H   LINE      CODE     ---       #749
      00FF21B1H   LINE      CODE     ---       #751
L251 LINKER/LOCATER V4.66.93.0                                                        03/13/2026  15:47:52  PAGE 19


      00FF21BCH   LINE      CODE     ---       #753
      00FF21C7H   LINE      CODE     ---       #759
      00FF21C9H   LINE      CODE     ---       #765
      00FF21E7H   LINE      CODE     ---       #771
      00FF21FDH   LINE      CODE     ---       #773
      00FF2207H   LINE      CODE     ---       #775
      00FF2207H   LINE      CODE     ---       #777
      00FF2212H   LINE      CODE     ---       #779
      ---         BLOCKEND  ---      ---       LVL=0

      00FF2505H   BLOCK     CODE     ---       LVL=0
      R9          REGSYM    ---      BYTE      x
      R0          REGSYM    ---      BYTE      y
      R1          REGSYM    ---      CHAR      asc
      R8          REGSYM    ---      BYTE      mode
      00FF250DH   BLOCK     CODE     NEAR LAB  LVL=1
      R7          REGSYM    ---      BYTE      j
      R6          REGSYM    ---      BYTE      k
      ---         BLOCKEND  ---      ---       LVL=1
      00FF2505H   LINE      CODE     ---       #803
      00FF250DH   LINE      CODE     ---       #805
      00FF250DH   LINE      CODE     ---       #809
      00FF250FH   LINE      CODE     ---       #813
      00FF2511H   LINE      CODE     ---       #817
      00FF2515H   LINE      CODE     ---       #819
      00FF2538H   LINE      CODE     ---       #823
      00FF2582H   LINE      CODE     ---       #825
      00FF2588H   LINE      CODE     ---       #827
      00FF258FH   LINE      CODE     ---       #829
      ---         BLOCKEND  ---      ---       LVL=0

      00FF23BAH   BLOCK     CODE     ---       LVL=0
      R0          REGSYM    ---      BYTE      x
      R1          REGSYM    ---      BYTE      y
      REG=7       REGSYM    ---      ---       gbk
      R9          REGSYM    ---      BYTE      mode
      00FF23C2H   BLOCK     CODE     NEAR LAB  LVL=1
      R8          REGSYM    ---      BYTE      i
      R7          REGSYM    ---      BYTE      j
      R6          REGSYM    ---      BYTE      k
      ---         BLOCKEND  ---      ---       LVL=1
      00FF23BAH   LINE      CODE     ---       #859
      00FF23C2H   LINE      CODE     ---       #861
      00FF23C2H   LINE      CODE     ---       #867
      00FF23C4H   LINE      CODE     ---       #871
      00FF23F5H   LINE      CODE     ---       #879
      00FF23F7H   LINE      CODE     ---       #883
      00FF23F9H   LINE      CODE     ---       #887
      00FF23FDH   LINE      CODE     ---       #889
      00FF241BH   LINE      CODE     ---       #893
      00FF2460H   LINE      CODE     ---       #895
      00FF2466H   LINE      CODE     ---       #897
      00FF246CH   LINE      CODE     ---       #899
      00FF246DH   LINE      CODE     ---       #901
      00FF2477H   LINE      CODE     ---       #905
      ---         BLOCKEND  ---      ---       LVL=0

      00FF2590H   BLOCK     CODE     ---       LVL=0
      00000025H   SYMBOL    EDATA    BYTE      x
      00000026H   SYMBOL    EDATA    BYTE      y
      REG=3       REGSYM    ---      ---       s
      00000027H   SYMBOL    EDATA    BYTE      mode
      00FF25A0H   BLOCK     CODE     NEAR LAB  LVL=1
      00000028H   SYMBOL    EDATA    ---       s_num
      ---         BLOCKEND  ---      ---       LVL=1
L251 LINKER/LOCATER V4.66.93.0                                                        03/13/2026  15:47:52  PAGE 20


      00FF2590H   LINE      CODE     ---       #931
      00FF25A0H   LINE      CODE     ---       #933
      00FF25A0H   LINE      CODE     ---       #937
      00FF25A2H   LINE      CODE     ---       #941
      00FF25AAH   LINE      CODE     ---       #945
      00FF25BCH   LINE      CODE     ---       #947
      00FF25C6H   LINE      CODE     ---       #949
      00FF25C8H   LINE      CODE     ---       #951
      00FF25CAH   LINE      CODE     ---       #957
      00FF25D1H   LINE      CODE     ---       #959
      00FF25D9H   LINE      CODE     ---       #961
      00FF25ECH   LINE      CODE     ---       #963
      00FF25F6H   LINE      CODE     ---       #965
      00FF25F8H   LINE      CODE     ---       #967
      00FF25F8H   LINE      CODE     ---       #969
      00FF2601H   LINE      CODE     ---       #973
      00FF2606H   LINE      CODE     ---       #975
      00FF2610H   LINE      CODE     ---       #977
      00FF2615H   LINE      CODE     ---       #981
      ---         BLOCKEND  ---      ---       LVL=0

      00FF288FH   BLOCK     CODE     ---       LVL=0
      R13         REGSYM    ---      BYTE      x
      R14         REGSYM    ---      BYTE      y
      00000021H   SYMBOL    EDATA    LONG      num
      R15         REGSYM    ---      BYTE      mode
      00FF289DH   BLOCK     CODE     NEAR LAB  LVL=1
      0001040AH   SYMBOL    XDATA    ---       str
      ---         BLOCKEND  ---      ---       LVL=1
      00FF288FH   LINE      CODE     ---       #1005
      00FF289DH   LINE      CODE     ---       #1007
      00FF289DH   LINE      CODE     ---       #1011
      00FF28ADH   LINE      CODE     ---       #1013
      00FF28C8H   LINE      CODE     ---       #1015
      00FF28D9H   LINE      CODE     ---       #1017
      ---         BLOCKEND  ---      ---       LVL=0

      00FF27F1H   BLOCK     CODE     ---       LVL=0
      R13         REGSYM    ---      BYTE      x
      R14         REGSYM    ---      BYTE      y
      000000B5H   SYMBOL    EDATA    FLOAT     num
      R15         REGSYM    ---      BYTE      mode
      00FF27FFH   BLOCK     CODE     NEAR LAB  LVL=1
      00010400H   SYMBOL    XDATA    ---       str
      ---         BLOCKEND  ---      ---       LVL=1
      00FF27F1H   LINE      CODE     ---       #1041
      00FF27FFH   LINE      CODE     ---       #1043
      00FF27FFH   LINE      CODE     ---       #1047
      00FF280FH   LINE      CODE     ---       #1049
      00FF282AH   LINE      CODE     ---       #1051
      00FF283BH   LINE      CODE     ---       #1053
      ---         BLOCKEND  ---      ---       LVL=0

      00FF269CH   BLOCK     CODE     ---       LVL=0
      R9          REGSYM    ---      BYTE      x
      R0          REGSYM    ---      BYTE      y
      R1          REGSYM    ---      BYTE      num
      R8          REGSYM    ---      BYTE      mode
      00FF26A4H   BLOCK     CODE     NEAR LAB  LVL=1
      R7          REGSYM    ---      BYTE      j
      R6          REGSYM    ---      BYTE      k
      ---         BLOCKEND  ---      ---       LVL=1
      00FF269CH   LINE      CODE     ---       #1081
      00FF26A4H   LINE      CODE     ---       #1083
      00FF26A4H   LINE      CODE     ---       #1087
L251 LINKER/LOCATER V4.66.93.0                                                        03/13/2026  15:47:52  PAGE 21


      00FF26A6H   LINE      CODE     ---       #1091
      00FF26A8H   LINE      CODE     ---       #1095
      00FF26ACH   LINE      CODE     ---       #1097
      00FF26CAH   LINE      CODE     ---       #1101
      00FF270FH   LINE      CODE     ---       #1103
      00FF2715H   LINE      CODE     ---       #1105
      00FF271CH   LINE      CODE     ---       #1107
      ---         BLOCKEND  ---      ---       LVL=0

      00FF279AH   BLOCK     CODE     ---       LVL=0
      R15         REGSYM    ---      BYTE      x0
      R8          REGSYM    ---      BYTE      y0
      R9          REGSYM    ---      BYTE      x1
      R14         REGSYM    ---      BYTE      y1
      REG=7       REGSYM    ---      ---       BMP
      00FF27A6H   BLOCK     CODE     NEAR LAB  LVL=1
      WR6         REGSYM    ---      WORD      num
      R5          REGSYM    ---      BYTE      k
      R10         REGSYM    ---      BYTE      j
      ---         BLOCKEND  ---      ---       LVL=1
      00FF279AH   LINE      CODE     ---       #1133
      00FF27A6H   LINE      CODE     ---       #1135
      00FF27A6H   LINE      CODE     ---       #1137
      00FF27A8H   LINE      CODE     ---       #1143
      00FF27ACH   LINE      CODE     ---       #1147
      00FF27B0H   LINE      CODE     ---       #1151
      00FF27E2H   LINE      CODE     ---       #1153
      00FF27E8H   LINE      CODE     ---       #1155
      00FF27EEH   LINE      CODE     ---       #1157
      ---         BLOCKEND  ---      ---       LVL=0

      ---         MODULE    ---      ---       spi
      00FF2A8BH   PUBLIC    CODE     ---       SPI_Init
      00FF00C7H   PUBLIC    CODE     ---       SPI_WriteByte
      000000CFH   SFRSYM    DATA     BYTE      SPDAT
      000000D0H   SFRSYM    DATA     BYTE      PSW
      0000009DH   SFRSYM    DATA     BYTE      IRCBAND
      00000097H   SFRSYM    DATA     BYTE      AUXR2
      000000EFH   SFRSYM    DATA     BYTE      AUXINTIF
      000000FDH   SFRSYM    DATA     BYTE      S4CON
      000000ACH   SFRSYM    DATA     BYTE      S3CON
      0000009AH   SFRSYM    DATA     BYTE      S2CON
      000000B7H   SFRSYM    DATA     BYTE      IPH
      000000CDH   SFRSYM    DATA     BYTE      SPSTAT
      000000DDH   SFRSYM    DATA     BYTE      T4T3M
      000000C1H   SFRSYM    DATA     BYTE      WDT_CONTR
      000000DFH   SFRSYM    DATA     BYTE      IP3
      000000F4H   SFRSYM    DATA     BYTE      USBCON
      000000B5H   SFRSYM    DATA     BYTE      IP2
      000000FFH   SFRSYM    DATA     BYTE      RSTCFG
      000000CEH.4 SFRSYM    DATA     BIT       MSTR
      000000E0H   SFRSYM    DATA     BYTE      ACC
      000000C7H   SFRSYM    DATA     BYTE      IAP_CONTR
      000000F9H   SFRSYM    DATA     BYTE      LINICR
      0000008EH   SFRSYM    DATA     BYTE      AUXR
      000000F0H   SFRSYM    DATA     BYTE      B
      000000AFH   SFRSYM    DATA     BYTE      IE2
      000000CEH.7 SFRSYM    DATA     BIT       SSIG
      000000CEH.6 SFRSYM    DATA     BIT       SPEN
      000000CDH.6 SFRSYM    DATA     BIT       WCOL
      00000088H   SFRSYM    DATA     BYTE      TCON
      00000089H   SFRSYM    DATA     BYTE      TMOD
      00000098H   SFRSYM    DATA     BYTE      SCON
      000000CDH.7 SFRSYM    DATA     BIT       SPIF
      000000F1H   SFRSYM    DATA     BYTE      CANICR
L251 LINKER/LOCATER V4.66.93.0                                                        03/13/2026  15:47:52  PAGE 22


      00000087H   SFRSYM    DATA     BYTE      PCON
      000000BCH   SFRSYM    DATA     BYTE      ADC_CONTR
      000000CEH.3 SFRSYM    DATA     BIT       CPOL
      000000A0H.5 SFRSYM    DATA     BIT       SPI_SCK
      000000CEH.5 SFRSYM    DATA     BIT       DORD
      000000E7H   SFRSYM    DATA     BYTE      CMPCR2
      000000E6H   SFRSYM    DATA     BYTE      CMPCR1
      000000CEH.2 SFRSYM    DATA     BIT       CPHA
      000000DEH   SFRSYM    DATA     BYTE      ADCCFG
      000000B8H   SFRSYM    DATA     BYTE      IP
      0000008FH   SFRSYM    DATA     BYTE      INTCLKO
      000000EEH   SFRSYM    DATA     BYTE      IP3H
      000000B6H   SFRSYM    DATA     BYTE      IP2H
      000000A8H   SFRSYM    DATA     BYTE      IE
      000000BBH   SFRSYM    DATA     BYTE      P_SW3
      000000BAH   SFRSYM    DATA     BYTE      P_SW2
      000000A2H   SFRSYM    DATA     BYTE      P_SW1
      000000CEH   SFRSYM    DATA     BYTE      SPCTL
      000000F8H   SFRSYM    DATA     BYTE      P7
      000000A0H.3 SFRSYM    DATA     BIT       SPI_MOSI
      000000E8H   SFRSYM    DATA     BYTE      P6
      000000C8H   SFRSYM    DATA     BYTE      P5
      000000C0H   SFRSYM    DATA     BYTE      P4
      000000B0H   SFRSYM    DATA     BYTE      P3
      000000A0H   SFRSYM    DATA     BYTE      P2
      00000090H   SFRSYM    DATA     BYTE      P1
      00000080H   SFRSYM    DATA     BYTE      P0

      00FF2A8BH   BLOCK     CODE     ---       LVL=0
      00FF2A8BH   LINE      CODE     ---       #37
      00FF2A8BH   LINE      CODE     ---       #39
      00FF2A93H   LINE      CODE     ---       #40
      00FF2A96H   LINE      CODE     ---       #41
      00FF2A99H   LINE      CODE     ---       #42
      00FF2A9CH   LINE      CODE     ---       #43
      00FF2A9FH   LINE      CODE     ---       #44
      00FF2AA2H   LINE      CODE     ---       #45
      00FF2AA5H   LINE      CODE     ---       #46
      00FF2AADH   LINE      CODE     ---       #47
      00FF2AAFH   LINE      CODE     ---       #48
      00FF2AB1H   LINE      CODE     ---       #49
      00FF2AB4H   LINE      CODE     ---       #50
      00FF2AB7H   LINE      CODE     ---       #51
      ---         BLOCKEND  ---      ---       LVL=0

      00FF00C7H   BLOCK     CODE     ---       LVL=0
      R11         REGSYM    ---      BYTE      out
      00FF00C7H   LINE      CODE     ---       #59
      00FF00C7H   LINE      CODE     ---       #61
      00FF00CAH   LINE      CODE     ---       #62
      00FF00D1H   LINE      CODE     ---       #63
      00FF00D4H   LINE      CODE     ---       #64
      00FF00D7H   LINE      CODE     ---       #65
      ---         BLOCKEND  ---      ---       LVL=0

      ---         MODULE    ---      ---       SPRINTF
      0000004DH   PUBLIC    EDATA    ---       ?SPRINTF?BYTE
      00FF1986H   PUBLIC    CODE     NEAR LAB  SPRINTF

      ---         MODULE    ---      ---       VSPRINTF
      000000A9H   PUBLIC    EDATA    ---       ?VSPRINTF?BYTE
      00FF19A6H   PUBLIC    CODE     NEAR LAB  VSPRINTF

      ---         MODULE    ---      ---       ?C?PRNFMT
      00FF19EFH   PUBLIC    CODE     ---       ?C?PRNFMT
L251 LINKER/LOCATER V4.66.93.0                                                        03/13/2026  15:47:52  PAGE 23



      ---         MODULE    ---      ---       ?C?FPCONVERT
      00FF1E0CH   PUBLIC    CODE     ---       ?C?FPCONVERT
      00FF1EC4H   PUBLIC    CODE     ---       ?C?FPROUND

      ---         MODULE    ---      ---       ?C?FPMUL
      00FF1F07H   PUBLIC    CODE     ---       ?C?FPMUL

      ---         MODULE    ---      ---       ?C?FPDIV
      00FF1FA7H   PUBLIC    CODE     ---       ?C?FPDIV

      ---         MODULE    ---      ---       ?C?FTNPWR
      00FF2058H   PUBLIC    CODE     ---       ?C?FTNPWR

      ---         MODULE    ---      ---       ?C?FPGETOPN
      00FF208FH   PUBLIC    CODE     ---       ?C?FPGETOPN2
      00FF20CCH   PUBLIC    CODE     ---       ?C?FPNANRESULT
      00FF20D4H   PUBLIC    CODE     ---       ?C?FPOVERFLOW
      00FF20A8H   PUBLIC    CODE     ---       ?C?FPRESULT
      00FF20BEH   PUBLIC    CODE     ---       ?C?FPRESULT2
      00FF20D1H   PUBLIC    CODE     ---       ?C?FPUNDERFLOW

      ---         MODULE    ---      ---       ?C_START
      00FF0000H   PUBLIC    CODE     ---       ?C?STARTUP
      00FF0000H   PUBLIC    CODE     ---       ?C_STARTUP

      ---         MODULE    ---      ---       ?C?INITEDATA
      00FF2988H   PUBLIC    CODE     ---       ?C?INITEDATA

      ---         MODULE    ---      ---       ?C?SIDIV
      00FF20E0H   PUBLIC    CODE     ---       ?C?SIDIV

      ---         MODULE    ---      ---       STRLEN
      00FF2C7DH   PUBLIC    CODE     ---       strlen?_

      ---         MODULE    ---      ---       memset
      00FF2BE7H   PUBLIC    CODE     ---       memset?_

      ---         MODULE    ---      ---       ?C?INITEDATA_END
      00FF2CD3H   PUBLIC    HCONST   WORD      ?C?INITEDATA_END



*** WARNING L57: UNCALLED FUNCTION, IGNORED FOR OVERLAY PROCESS
    NAME:    OLED_BuffShowCircle/oled

*** WARNING L57: UNCALLED FUNCTION, IGNORED FOR OVERLAY PROCESS
    NAME:    OLED_BuffShowNum02F/oled

*** WARNING L57: UNCALLED FUNCTION, IGNORED FOR OVERLAY PROCESS
    NAME:    OLED_BuffShowBMP/oled

*** WARNING L57: UNCALLED FUNCTION, IGNORED FOR OVERLAY PROCESS
    NAME:    OLED_BuffShowChar32/oled

*** WARNING L57: UNCALLED FUNCTION, IGNORED FOR OVERLAY PROCESS
    NAME:    OLED_LightSet/oled

*** WARNING L57: UNCALLED FUNCTION, IGNORED FOR OVERLAY PROCESS
    NAME:    OLED_BuffShowRectangle/oled

*** WARNING L57: UNCALLED FUNCTION, IGNORED FOR OVERLAY PROCESS
    NAME:    OLED_DrawBMP/oled

*** WARNING L57: UNCALLED FUNCTION, IGNORED FOR OVERLAY PROCESS
L251 LINKER/LOCATER V4.66.93.0                                                        03/13/2026  15:47:52  PAGE 24


    NAME:    OLED_DisplayOff/oled

*** WARNING L25: DATA TYPES DIFFERENT
    SYMBOL:  SPI_Init
    MODULE:  .\Objects\oled.obj (oled)
   DEFINED:  .\Objects\spi.obj (spi)

Program Size: data=8.2 edata+hdata=433 xdata=1047 const=67 code=11412
L251 RUN COMPLETE.  9 WARNING(S),  0 ERROR(S)
