C251 COMPILER V5.60.0,  timer                                                              19/03/26  15:36:42  PAGE 1   


C251 COMPILER V5.60.0, COMPILATION OF MODULE timer
OBJECT MODULE PLACED IN .\Objects\timer.obj
COMPILER INVOKED BY: D:\Keil MDK\C251\BIN\C251.EXE timer.c XSMALL INTR2 BROWSE DEBUG PRINT(.\Listings\timer.lst) OBJECT(
                    -.\Objects\timer.obj) 

stmt  level    source

    1          #include <STC32G.H>
    2          #include "main.h"
    3          
    4          void Timer0_Init(void)
    5          {
    6   1          // 定时器0模式0：16位自动重载
    7   1          // TMOD低4位控制T0：M1M0=00
    8   1          TMOD &= 0xF0;               // 清T0模式位，M1=0 M0=0
    9   1      
   10   1          // 1T模式：AUXR.7 = T0x12 = 1
   11   1          AUXR |= 0x80;
   12   1      
   13   1          // 设置重载值
   14   1          TH0 = T0_RELOAD >> 8;       // 高字节 = 0x7E
   15   1          TL0 = T0_RELOAD & 0xFF;     // 低字节 = 0x67
   16   1      
   17   1          // 清中断标志，使能T0中断
   18   1          TF0 = 0;
   19   1          ET0 = 1;
   20   1          EA  = 1;
   21   1      
   22   1          // 启动定时器0
   23   1          TR0 = 1;
   24   1      }
   25          
   26          
   27          void PWM_Init(void)
   28          {
   29   1          P_SW2 |= 0x80;              // 使能扩展SFR
   30   1      
   31   1          // P1.0 PWM1P，P1.1 PWM1N 推挽输出        ← 改 P2→P1
   32   1          P1M0 |=  0x03;
   33   1          P1M1 &= ~0x03;
   34   1      
   35   1          // 引脚切换：PWMA CH1 默认 P1.0(PWM1P) / P1.1(PWM1N)
   36   1          // C1PS[1:0]=00 → 默认引脚，直接清零低4位    ← 改为 0x00
   37   1          PWMA_PS &= ~0x0F;
   38   1          // PWMA_PS |= 0x00;  // 默认值，无需赋值
   39   1      
   40   1          // ---- PWMA 主控寄存器 ----
   41   1      
   42   1          // PWMx_CR1：控制寄存器1
   43   1          // CMS[1:0]=00：边沿对齐模式
   44   1          // DIR=0：向上计数（0→ARR）
   45   1          // ARPE=1：ARR预装载使能
   46   1          PWMA_CR1 = 0x80;            // CMS=00:边沿对齐，DIR=0，ARPE=1
   47   1      
   48   1          // PWMx_CR2：控制寄存器2
   49   1          // MMS=000：复位，触发输出为复位信号（电机控制一般设此）
   50   1          PWMA_CR2 = 0x00;
   51   1      
   52   1          // 设置预分频：PSC=0 即不分频，计数时钟 = SYSCLK = 33.1776MHz
   53   1          PWMA_PSCRH = 0x00;
   54   1          PWMA_PSCRL = 0x00;
   55   1      
   56   1          // ARR = PWM_ARR = 3317（见 main.h，边沿对齐10kHz）
   57   1          // 实际PWM频率 = FOSC / ARR = 33177600 / 3317 = 10kHz
   58   1          PWMA_ARRH = (PWM_ARR) >> 8;
C251 COMPILER V5.60.0,  timer                                                              19/03/26  15:36:42  PAGE 2   

   59   1          PWMA_ARRL = (PWM_ARR) & 0xFF;
   60   1      
   61   1          // ---- 捕获/比较通道1 配置（互补PWM输出）----
   62   1      
   63   1          // CCMR1：捕获比较模式寄存器1
   64   1          // OC1M[2:0]=110：PWM模式1（计数值<CCR时输出有效电平）
   65   1          // OC1PE=1：CCR1预装载使能
   66   1          PWMA_CCMR1 = 0x68;         // OC1M=110, OC1PE=1
   67   1      
   68   1          // 初始占空比50%（PWM_MID = 停车中点）
   69   1          PWMA_CCR1H = PWM_MID >> 8;
   70   1          PWMA_CCR1L = PWM_MID & 0xFF;
   71   1      
   72   1          // CCER1：捕获比较使能寄存器
   73   1          // CC1E=1：通道1正向输出使能（PWM1P）
   74   1          // CC1P=0：正向输出高电平有效
   75   1          // CC1NE=1：通道1互补输出使能（PWM1N）
   76   1          // CC1NP=0：互补输出高电平有效
   77   1          PWMA_CCER1 = 0x05;         // CC1E=1, CC1NE=1
   78   1      
   79   1          // ---- 死区配置 ----
   80   1          // BKR：刹车寄存器
   81   1          // MOE=1：主输出使能（必须置1，否则PWM无输出！）
   82   1          // OSSR=1：运行模式下关闭状态选择
   83   1          // OSSI=1：空闲模式下关闭状态选择
   84   1          PWMA_BKR = 0xC0;           // MOE=1, OSSR=0, OSSI=0, 无刹车
   85   1      
   86   1          // DTR：死区时间寄存器
   87   1          // DTG[7:0]=60：死区时间 = 60 × Tdts，Tdts=1/SYSCLK≈30ns
   88   1          // 死区 ≈ 60 × 30ns = 1.8us（满足大多数MOS驱动芯片需求）
   89   1          PWMA_DTR = PWM_DEAD_TIME;
   90   1      
   91   1          // 空闲状态输出：OISR
   92   1          // OIS1=0：通道1空闲时输出低
   93   1          // OIS1N=0：互补通道空闲时输出低
   94   1          PWMA_OISR = 0x00;
   95   1      
   96   1          // ---- 使能PWMA计数器 ----
   97   1          // CR1.CEN=1：启动计数器
   98   1          PWMA_CR1 |= 0x01;
   99   1      
  100   1          // 使能通道1和互补通道1输出
  101   1          PWMA_ENO = 0x03;           // ENO1P=1, ENO1N=1
  102   1      
  103   1          P_SW2 &= ~0x80;
  104   1      }
  105          
  106          
  107          
  108          
  109          
  110          void PWM_SetDuty(unsigned int duty)
  111          {
  112   1          if (duty > PWM_ARR) duty = PWM_ARR;
  113   1          P_SW2 |= 0x80;
  114   1          PWMA_CCR1H = duty >> 8;
  115   1          PWMA_CCR1L = duty & 0xFF;
  116   1          P_SW2 &= ~0x80;
  117   1      }
  118          
  119          /* 使能 PWM 输出引脚（ENO1P=1, ENO1N=1） */
  120          void PWM_OutputEnable(void)
  121          {
  122   1          P_SW2 |= 0x80;
  123   1          PWMA_ENO = 0x03;
  124   1          P_SW2 &= ~0x80;
C251 COMPILER V5.60.0,  timer                                                              19/03/26  15:36:42  PAGE 3   

  125   1      }
  126          
  127          /* 禁用 PWM 输出引脚（两路输出均关闭，引脚回到空闲低电平） */
  128          void PWM_OutputDisable(void)
  129          {
  130   1          P_SW2 |= 0x80;
  131   1          PWMA_ENO = 0x00;
  132   1          P_SW2 &= ~0x80;
  133   1      }
  134          
  135          void PWMB_Encoder_Init(void)
  136          {
  137   1          EAXFR = 1;
  138   1          P_SW2 |= 0x80;
  139   1      
  140   1          PWMB_ENO    = 0x00;                     // 禁用所有输出
  141   1          PWMB_PS     = 0x00;                     // 引脚映射到默认位置 (P2.0/P2.1)
  142   1          
  143   1          // 预分频设置
  144   1          PWMB_PSCRH  = 0x00;
  145   1          PWMB_PSCRL  = 0x00;
  146   1          
  147   1          // 自动重装载值（16位，支持有符号）
  148   1          PWMB_ARRH   = 0xFF;
  149   1          PWMB_ARRL   = 0xFF;
  150   1      
  151   1          // 计数器初值
  152   1          PWMB_CNTRH  = 0x00;
  153   1          PWMB_CNTRL  = 0x00;
  154   1      
  155   1          // ===== 关键：输入捕获模式配置 =====
  156   1          // CCMR1: IC1F[7:4] = 1111(最大滤波 f/32×N=8 ≈7.7us), CC1S[1:0] = 01(TI1输入)
  157   1          // = 1111_0001 = 0xF1
  158   1          // 注：滤波从0x31(0.24us)提升到0xF1(7.7us)，用于抑制10kHz PWM开关噪声干扰
  159   1          PWMB_CCMR1  = 0xF1;        // TI1输入，最大滤波（7.7us），抑制PWM噪声
  160   1      
  161   1          // CCMR2: IC2F[7:4] = 1111, CC2S[1:0] = 01(TI2输入)
  162   1          // = 1111_0001 = 0xF1
  163   1          PWMB_CCMR2  = 0xF1;        // TI2输入，最大滤波（7.7us），抑制PWM噪声
  164   1       
  165   1          // ===== 编码器模式：双边沿计数 =====
  166   1          // SMS[2:0] = 011（编码器模式3：TI1和TI2都计数）
  167   1          PWMB_SMCR   = 0x03;
  168   1       
  169   1          // ===== 极性配置 =====
  170   1          // CC1E=1, CC1P=0, CC2E=1, CC2P=0
  171   1          // 这样可以正确检测方向
  172   1          // CCER1 = 0000_0101 = 0x05
  173   1          // CCER2 = 0000_0101 = 0x05
  174   1          PWMB_CCER1  = 0x05;        // CC1E=1, CC1P=0 (不反相)
  175   1          PWMB_CCER2  = 0x05;        // CC2E=1, CC2P=0 (不反相)
  176   1          
  177   1          // 禁用中断（轮询模式）
  178   1          PWMB_IER    = 0x00;
  179   1          
  180   1          // 启动计数器
  181   1          PWMB_CR1    = 0x81;        // CEN=1, ARPE=1
  182   1      
  183   1          P_SW2 &= ~0x80;
  184   1          EAXFR = 0;
  185   1      }
  186          
  187          int Encoder_Read(void)
  188          {
  189   1          int cnt;
  190   1          unsigned int raw;
C251 COMPILER V5.60.0,  timer                                                              19/03/26  15:36:42  PAGE 4   

  191   1          
  192   1          P_SW2 |= 0x80;
  193   1          raw  = (unsigned int)PWMB_CNTRH << 8;
  194   1          raw |= PWMB_CNTRL;
  195   1          P_SW2 &= ~0x80;
  196   1          
  197   1          // 转换为有符号16位整数
  198   1          // 如果最高位为1，则为负数
  199   1          if (raw & 0x8000) {
  200   2              cnt = -(int)(0x10000 - raw);  // 补码转换
  201   2          } else {
  202   2              cnt = (int)raw;
  203   2          }
  204   1          
  205   1          return cnt;
  206   1      }


Module Information          Static   Overlayable
------------------------------------------------
  code size            =       456     ------
  ecode size           =    ------     ------
  data size            =    ------     ------
  idata size           =    ------     ------
  pdata size           =    ------     ------
  xdata size           =    ------     ------
  xdata-const size     =    ------     ------
  edata size           =    ------     ------
  bit size             =    ------     ------
  ebit size            =    ------     ------
  bitaddressable size  =    ------     ------
  ebitaddressable size =    ------     ------
  far data size        =    ------     ------
  huge data size       =    ------     ------
  const size           =    ------     ------
  hconst size          =    ------     ------
End of Module Information.


C251 COMPILATION COMPLETE.  0 WARNING(S),  0 ERROR(S)
